Archive member included to satisfy reference by file (symbol)

C:/ST/STM32CubeCLT_1.16.0/GNU-tools-for-STM32/bin/../lib/gcc/arm-none-eabi/12.3.1/../../../../arm-none-eabi/lib/thumb/v7e-m+fp/hard\libc_nano.a(libc_a-exit.o)
                              C:/ST/STM32CubeCLT_1.16.0/GNU-tools-for-STM32/bin/../lib/gcc/arm-none-eabi/12.3.1/../../../../arm-none-eabi/lib/thumb/v7e-m+fp/hard/crt0.o (exit)
C:/ST/STM32CubeCLT_1.16.0/GNU-tools-for-STM32/bin/../lib/gcc/arm-none-eabi/12.3.1/../../../../arm-none-eabi/lib/thumb/v7e-m+fp/hard\libc_nano.a(libc_a-findfp.o)
                              C:/ST/STM32CubeCLT_1.16.0/GNU-tools-for-STM32/bin/../lib/gcc/arm-none-eabi/12.3.1/../../../../arm-none-eabi/lib/thumb/v7e-m+fp/hard\libc_nano.a(libc_a-exit.o) (__stdio_exit_handler)
C:/ST/STM32CubeCLT_1.16.0/GNU-tools-for-STM32/bin/../lib/gcc/arm-none-eabi/12.3.1/../../../../arm-none-eabi/lib/thumb/v7e-m+fp/hard\libc_nano.a(libc_a-fwalk.o)
                              C:/ST/STM32CubeCLT_1.16.0/GNU-tools-for-STM32/bin/../lib/gcc/arm-none-eabi/12.3.1/../../../../arm-none-eabi/lib/thumb/v7e-m+fp/hard\libc_nano.a(libc_a-findfp.o) (_fwalk_sglue)
C:/ST/STM32CubeCLT_1.16.0/GNU-tools-for-STM32/bin/../lib/gcc/arm-none-eabi/12.3.1/../../../../arm-none-eabi/lib/thumb/v7e-m+fp/hard\libc_nano.a(libc_a-stdio.o)
                              C:/ST/STM32CubeCLT_1.16.0/GNU-tools-for-STM32/bin/../lib/gcc/arm-none-eabi/12.3.1/../../../../arm-none-eabi/lib/thumb/v7e-m+fp/hard\libc_nano.a(libc_a-findfp.o) (__sread)
C:/ST/STM32CubeCLT_1.16.0/GNU-tools-for-STM32/bin/../lib/gcc/arm-none-eabi/12.3.1/../../../../arm-none-eabi/lib/thumb/v7e-m+fp/hard\libc_nano.a(libc_a-memset.o)
                              C:/ST/STM32CubeCLT_1.16.0/GNU-tools-for-STM32/bin/../lib/gcc/arm-none-eabi/12.3.1/../../../../arm-none-eabi/lib/thumb/v7e-m+fp/hard/crt0.o (memset)
C:/ST/STM32CubeCLT_1.16.0/GNU-tools-for-STM32/bin/../lib/gcc/arm-none-eabi/12.3.1/../../../../arm-none-eabi/lib/thumb/v7e-m+fp/hard\libc_nano.a(libc_a-closer.o)
                              C:/ST/STM32CubeCLT_1.16.0/GNU-tools-for-STM32/bin/../lib/gcc/arm-none-eabi/12.3.1/../../../../arm-none-eabi/lib/thumb/v7e-m+fp/hard\libc_nano.a(libc_a-stdio.o) (_close_r)
C:/ST/STM32CubeCLT_1.16.0/GNU-tools-for-STM32/bin/../lib/gcc/arm-none-eabi/12.3.1/../../../../arm-none-eabi/lib/thumb/v7e-m+fp/hard\libc_nano.a(libc_a-reent.o)
                              C:/ST/STM32CubeCLT_1.16.0/GNU-tools-for-STM32/bin/../lib/gcc/arm-none-eabi/12.3.1/../../../../arm-none-eabi/lib/thumb/v7e-m+fp/hard\libc_nano.a(libc_a-closer.o) (errno)
C:/ST/STM32CubeCLT_1.16.0/GNU-tools-for-STM32/bin/../lib/gcc/arm-none-eabi/12.3.1/../../../../arm-none-eabi/lib/thumb/v7e-m+fp/hard\libc_nano.a(libc_a-impure.o)
                              C:/ST/STM32CubeCLT_1.16.0/GNU-tools-for-STM32/bin/../lib/gcc/arm-none-eabi/12.3.1/../../../../arm-none-eabi/lib/thumb/v7e-m+fp/hard\libc_nano.a(libc_a-reent.o) (_impure_ptr)
C:/ST/STM32CubeCLT_1.16.0/GNU-tools-for-STM32/bin/../lib/gcc/arm-none-eabi/12.3.1/../../../../arm-none-eabi/lib/thumb/v7e-m+fp/hard\libc_nano.a(libc_a-lseekr.o)
                              C:/ST/STM32CubeCLT_1.16.0/GNU-tools-for-STM32/bin/../lib/gcc/arm-none-eabi/12.3.1/../../../../arm-none-eabi/lib/thumb/v7e-m+fp/hard\libc_nano.a(libc_a-stdio.o) (_lseek_r)
C:/ST/STM32CubeCLT_1.16.0/GNU-tools-for-STM32/bin/../lib/gcc/arm-none-eabi/12.3.1/../../../../arm-none-eabi/lib/thumb/v7e-m+fp/hard\libc_nano.a(libc_a-readr.o)
                              C:/ST/STM32CubeCLT_1.16.0/GNU-tools-for-STM32/bin/../lib/gcc/arm-none-eabi/12.3.1/../../../../arm-none-eabi/lib/thumb/v7e-m+fp/hard\libc_nano.a(libc_a-stdio.o) (_read_r)
C:/ST/STM32CubeCLT_1.16.0/GNU-tools-for-STM32/bin/../lib/gcc/arm-none-eabi/12.3.1/../../../../arm-none-eabi/lib/thumb/v7e-m+fp/hard\libc_nano.a(libc_a-writer.o)
                              C:/ST/STM32CubeCLT_1.16.0/GNU-tools-for-STM32/bin/../lib/gcc/arm-none-eabi/12.3.1/../../../../arm-none-eabi/lib/thumb/v7e-m+fp/hard\libc_nano.a(libc_a-stdio.o) (_write_r)
C:/ST/STM32CubeCLT_1.16.0/GNU-tools-for-STM32/bin/../lib/gcc/arm-none-eabi/12.3.1/../../../../arm-none-eabi/lib/thumb/v7e-m+fp/hard\libc_nano.a(libc_a-init.o)
                              C:/ST/STM32CubeCLT_1.16.0/GNU-tools-for-STM32/bin/../lib/gcc/arm-none-eabi/12.3.1/../../../../arm-none-eabi/lib/thumb/v7e-m+fp/hard/crt0.o (__libc_init_array)
C:/ST/STM32CubeCLT_1.16.0/GNU-tools-for-STM32/bin/../lib/gcc/arm-none-eabi/12.3.1/../../../../arm-none-eabi/lib/thumb/v7e-m+fp/hard\libc_nano.a(libc_a-lock.o)
                              C:/ST/STM32CubeCLT_1.16.0/GNU-tools-for-STM32/bin/../lib/gcc/arm-none-eabi/12.3.1/../../../../arm-none-eabi/lib/thumb/v7e-m+fp/hard\libc_nano.a(libc_a-findfp.o) (__retarget_lock_init_recursive)
C:/ST/STM32CubeCLT_1.16.0/GNU-tools-for-STM32/bin/../lib/gcc/arm-none-eabi/12.3.1/../../../../arm-none-eabi/lib/thumb/v7e-m+fp/hard\libc_nano.a(libc_a-freer.o)
[...]
Memory Configuration

Name             Origin             Length             Attributes
RAM              0x20000000         0x00018000         xrw
RAM2             0x10000000         0x00008000         xrw
FLASH            0x08000000         0x00100000         xr
*default*        0x00000000         0xffffffff

Linker script and memory map

LOAD C:/ST/STM32CubeCLT_1.16.0/GNU-tools-for-STM32/bin/../lib/gcc/arm-none-eabi/12.3.1/thumb/v7e-m+fp/hard/crti.o
LOAD C:/ST/STM32CubeCLT_1.16.0/GNU-tools-for-STM32/bin/../lib/gcc/arm-none-eabi/12.3.1/thumb/v7e-m+fp/hard/crtbegin.o
LOAD C:/ST/STM32CubeCLT_1.16.0/GNU-tools-for-STM32/bin/../lib/gcc/arm-none-eabi/12.3.1/../../../../arm-none-eabi/lib/thumb/v7e-m+fp/hard/crt0.o
START GROUP
LOAD C:/ST/STM32CubeCLT_1.16.0/GNU-tools-for-STM32/bin/../lib/gcc/arm-none-eabi/12.3.1/../../../../arm-none-eabi/lib/thumb/v7e-m+fp/hard\libc_nano.a
LOAD C:/ST/STM32CubeCLT_1.16.0/GNU-tools-for-STM32/bin/../lib/gcc/arm-none-eabi/12.3.1/../../../../arm-none-eabi/lib/thumb/v7e-m+fp/hard\libm.a
END GROUP
LOAD CMakeFiles/Project.dir/Core/Src/ring_buffer.c.obj
LOAD CMakeFiles/Project.dir/Drivers/keypad/keypad.c.obj
LOAD CMakeFiles/Project.dir/Core/Src/main.c.obj
LOAD CMakeFiles/Project.dir/Core/Src/stm32l4xx_it.c.obj
LOAD CMakeFiles/Project.dir/Core/Src/stm32l4xx_hal_msp.c.obj
LOAD CMakeFiles/Project.dir/Drivers/STM32L4xx_HAL_Driver/Src/stm32l4xx_hal_uart.c.obj
LOAD CMakeFiles/Project.dir/Drivers/STM32L4xx_HAL_Driver/Src/stm32l4xx_hal_uart_ex.c.obj
LOAD CMakeFiles/Project.dir/Drivers/STM32L4xx_HAL_Driver/Src/stm32l4xx_hal.c.obj
LOAD CMakeFiles/Project.dir/Drivers/STM32L4xx_HAL_Driver/Src/stm32l4xx_hal_rcc.c.obj
LOAD CMakeFiles/Project.dir/Drivers/STM32L4xx_HAL_Driver/Src/stm32l4xx_hal_rcc_ex.c.obj
LOAD CMakeFiles/Project.dir/Drivers/STM32L4xx_HAL_Driver/Src/stm32l4xx_hal_flash.c.obj
LOAD CMakeFiles/Project.dir/Drivers/STM32L4xx_HAL_Driver/Src/stm32l4xx_hal_flash_ex.c.obj
LOAD CMakeFiles/Project.dir/Drivers/STM32L4xx_HAL_Driver/Src/stm32l4xx_hal_flash_ramfunc.c.obj
LOAD CMakeFiles/Project.dir/Drivers/STM32L4xx_HAL_Driver/Src/stm32l4xx_hal_gpio.c.obj
LOAD CMakeFiles/Project.dir/Drivers/STM32L4xx_HAL_Driver/Src/stm32l4xx_hal_i2c.c.obj
LOAD CMakeFiles/Project.dir/Drivers/STM32L4xx_HAL_Driver/Src/stm32l4xx_hal_i2c_ex.c.obj
LOAD CMakeFiles/Project.dir/Drivers/STM32L4xx_HAL_Driver/Src/stm32l4xx_hal_dma.c.obj
LOAD CMakeFiles/Project.dir/Drivers/STM32L4xx_HAL_Driver/Src/stm32l4xx_hal_dma_ex.c.obj
LOAD CMakeFiles/Project.dir/Drivers/STM32L4xx_HAL_Driver/Src/stm32l4xx_hal_pwr.c.obj
LOAD CMakeFiles/Project.dir/Drivers/STM32L4xx_HAL_Driver/Src/stm32l4xx_hal_pwr_ex.c.obj
LOAD CMakeFiles/Project.dir/Drivers/STM32L4xx_HAL_Driver/Src/stm32l4xx_hal_cortex.c.obj
LOAD CMakeFiles/Project.dir/Drivers/STM32L4xx_HAL_Driver/Src/stm32l4xx_hal_exti.c.obj
LOAD CMakeFiles/Project.dir/Core/Src/system_stm32l4xx.c.obj
LOAD CMakeFiles/Project.dir/Core/Src/sysmem.c.obj
LOAD CMakeFiles/Project.dir/Core/Src/syscalls.c.obj
LOAD CMakeFiles/Project.dir/startup_stm32l476xx.s.obj
START GROUP
LOAD C:/ST/STM32CubeCLT_1.16.0/GNU-tools-for-STM32/bin/../lib/gcc/arm-none-eabi/12.3.1/thumb/v7e-m+fp/hard\libgcc.a
LOAD C:/ST/STM32CubeCLT_1.16.0/GNU-tools-for-STM32/bin/../lib/gcc/arm-none-eabi/12.3.1/../../../../arm-none-eabi/lib/thumb/v7e-m+fp/hard\libg_nano.a
LOAD C:/ST/STM32CubeCLT_1.16.0/GNU-tools-for-STM32/bin/../lib/gcc/arm-none-eabi/12.3.1/../../../../arm-none-eabi/lib/thumb/v7e-m+fp/hard\libc_nano.a
END GROUP
START GROUP
LOAD C:/ST/STM32CubeCLT_1.16.0/GNU-tools-for-STM32/bin/../lib/gcc/arm-none-eabi/12.3.1/thumb/v7e-m+fp/hard\libgcc.a
LOAD C:/ST/STM32CubeCLT_1.16.0/GNU-tools-for-STM32/bin/../lib/gcc/arm-none-eabi/12.3.1/../../../../arm-none-eabi/lib/thumb/v7e-m+fp/hard\libc_nano.a
END GROUP
LOAD C:/ST/STM32CubeCLT_1.16.0/GNU-tools-for-STM32/bin/../lib/gcc/arm-none-eabi/12.3.1/thumb/v7e-m+fp/hard/crtend.o
LOAD C:/ST/STM32CubeCLT_1.16.0/GNU-tools-for-STM32/bin/../lib/gcc/arm-none-eabi/12.3.1/thumb/v7e-m+fp/hard/crtn.o
                0x20018000                        _estack = (ORIGIN (RAM) + LENGTH (RAM))
                0x00000200                        _Min_Heap_Size = 0x200
                0x00000400                        _Min_Stack_Size = 0x400

.isr_vector     0x08000000      0x188
                0x08000000                        . = ALIGN (0x8)
 *(.isr_vector)
 .isr_vector    0x08000000      0x188 CMakeFiles/Project.dir/startup_stm32l476xx.s.obj
                0x08000000                g_pfnVectors
                0x08000188                        . = ALIGN (0x8)

.text           0x08000190     0x4ee8
                0x08000190                        . = ALIGN (0x8)
 *(.text)
 .text          0x08000190       0x40 C:/ST/STM32CubeCLT_1.16.0/GNU-tools-for-STM32/bin/../lib/gcc/arm-none-eabi/12.3.1/thumb/v7e-m+fp/hard/crtbegin.o
 .text          0x080001d0       0x30 C:/ST/STM32CubeCLT_1.16.0/GNU-tools-for-STM32/bin/../lib/gcc/arm-none-eabi/12.3.1/thumb/v7e-m+fp/hard\libgcc.a(_aeabi_uldivmod.o)
                0x080001d0                __aeabi_uldivmod
 .text          0x08000200      0x2bc C:/ST/STM32CubeCLT_1.16.0/GNU-tools-for-STM32/bin/../lib/gcc/arm-none-eabi/12.3.1/thumb/v7e-m+fp/hard\libgcc.a(_udivmoddi4.o)
                0x08000200                __udivmoddi4
 .text          0x080004bc        0x4 C:/ST/STM32CubeCLT_1.16.0/GNU-tools-for-STM32/bin/../lib/gcc/arm-none-eabi/12.3.1/thumb/v7e-m+fp/hard\libgcc.a(_dvmd_tls.o)
                0x080004bc                __aeabi_idiv0
                0x080004bc                __aeabi_ldiv0
 .text          0x080004c0       0x14 C:/ST/STM32CubeCLT_1.16.0/GNU-tools-for-STM32/bin/../lib/gcc/arm-none-eabi/12.3.1/../../../../arm-none-eabi/lib/thumb/v7e-m+fp/hard\libg_nano.a(libc_a-strcmp.o)
                0x080004c0                strcmp
 .text          0x080004d4       0x10 C:/ST/STM32CubeCLT_1.16.0/GNU-tools-for-STM32/bin/../lib/gcc/arm-none-eabi/12.3.1/../../../../arm-none-eabi/lib/thumb/v7e-m+fp/hard\libg_nano.a(libc_a-strlen.o)
                0x080004d4                strlen
 *fill*         0x080004e4        0xc 
 .text          0x080004f0       0xa0 C:/ST/STM32CubeCLT_1.16.0/GNU-tools-for-STM32/bin/../lib/gcc/arm-none-eabi/12.3.1/../../../../arm-none-eabi/lib/thumb/v7e-m+fp/hard\libg_nano.a(libc_a-memchr.o)
                0x080004f0                memchr
 *(.text*)
 .text.memset   0x08000590       0x10 C:/ST/STM32CubeCLT_1.16.0/GNU-tools-for-STM32/bin/../lib/gcc/arm-none-eabi/12.3.1/../../../../arm-none-eabi/lib/thumb/v7e-m+fp/hard\libc_nano.a(libc_a-memset.o)
                0x08000590                memset
 .text.__libc_init_array
                0x080005a0       0x48 C:/ST/STM32CubeCLT_1.16.0/GNU-tools-for-STM32/bin/../lib/gcc/arm-none-eabi/12.3.1/../../../../arm-none-eabi/lib/thumb/v7e-m+fp/hard\libc_nano.a(libc_a-init.o)
                0x080005a0                __libc_init_array
 .text.__retarget_lock_acquire_recursive
                0x080005e8        0x2 C:/ST/STM32CubeCLT_1.16.0/GNU-tools-for-STM32/bin/../lib/gcc/arm-none-eabi/12.3.1/../../../../arm-none-eabi/lib/thumb/v7e-m+fp/hard\libc_nano.a(libc_a-lock.o)
                0x080005e8                __retarget_lock_acquire_recursive
 .text.__retarget_lock_release_recursive
                0x080005ea        0x2 C:/ST/STM32CubeCLT_1.16.0/GNU-tools-for-STM32/bin/../lib/gcc/arm-none-eabi/12.3.1/../../../../arm-none-eabi/lib/thumb/v7e-m+fp/hard\libc_nano.a(libc_a-lock.o)
                0x080005ea                __retarget_lock_release_recursive
 .text._free_r  0x080005ec       0x94 C:/ST/STM32CubeCLT_1.16.0/GNU-tools-for-STM32/bin/../lib/gcc/arm-none-eabi/12.3.1/../../../../arm-none-eabi/lib/thumb/v7e-m+fp/hard\libc_nano.a(libc_a-freer.o)
                0x080005ec                _free_r
 .text.sbrk_aligned
                0x08000680       0x44 C:/ST/STM32CubeCLT_1.16.0/GNU-tools-for-STM32/bin/../lib/gcc/arm-none-eabi/12.3.1/../../../../arm-none-eabi/lib/thumb/v7e-m+fp/hard\libc_nano.a(libc_a-mallocr.o)
 .text._malloc_r
                0x080006c4      0x100 C:/ST/STM32CubeCLT_1.16.0/GNU-tools-for-STM32/bin/../lib/gcc/arm-none-eabi/12.3.1/../../../../arm-none-eabi/lib/thumb/v7e-m+fp/hard\libc_nano.a(libc_a-mallocr.o)
                0x080006c4                _malloc_r
 .text.__malloc_lock
                0x080007c4        0xc C:/ST/STM32CubeCLT_1.16.0/GNU-tools-for-STM32/bin/../lib/gcc/arm-none-eabi/12.3.1/../../../../arm-none-eabi/lib/thumb/v7e-m+fp/hard\libc_nano.a(libc_a-mlock.o)
                0x080007c4                __malloc_lock
 .text.__malloc_unlock
                0x080007d0        0xc C:/ST/STM32CubeCLT_1.16.0/GNU-tools-for-STM32/bin/../lib/gcc/arm-none-eabi/12.3.1/../../../../arm-none-eabi/lib/thumb/v7e-m+fp/hard\libc_nano.a(libc_a-mlock.o)
                0x080007d0                __malloc_unlock
 .text._sbrk_r  0x080007dc       0x20 C:/ST/STM32CubeCLT_1.16.0/GNU-tools-for-STM32/bin/../lib/gcc/arm-none-eabi/12.3.1/../../../../arm-none-eabi/lib/thumb/v7e-m+fp/hard\libc_nano.a(libc_a-sbrkr.o)
                0x080007dc                _sbrk_r
 .text.ring_buffer_init
                0x080007fc       0x38 CMakeFiles/Project.dir/Core/Src/ring_buffer.c.obj
                0x080007fc                ring_buffer_init
 .text.ring_buffer_reset
                0x08000834       0x26 CMakeFiles/Project.dir/Core/Src/ring_buffer.c.obj
                0x08000834                ring_buffer_reset
 .text.ring_buffer_count
                0x0800085a       0x50 CMakeFiles/Project.dir/Core/Src/ring_buffer.c.obj
                0x0800085a                ring_buffer_count
 .text.ring_buffer_write
                0x080008aa       0x7a CMakeFiles/Project.dir/Core/Src/ring_buffer.c.obj
                0x080008aa                ring_buffer_write
 .text.keypad_init
                0x08000924       0x38 CMakeFiles/Project.dir/Drivers/keypad/keypad.c.obj
                0x08000924                keypad_init
 .text.keypad_scan_rows
                0x0800095c       0xf4 CMakeFiles/Project.dir/Drivers/keypad/keypad.c.obj
 .text.keypad_scan
                0x08000a50       0xdc CMakeFiles/Project.dir/Drivers/keypad/keypad.c.obj
                0x08000a50                keypad_scan
 .text.HAL_GPIO_EXTI_Callback
                0x08000b2c       0x44 CMakeFiles/Project.dir/Core/Src/main.c.obj
                0x08000b2c                HAL_GPIO_EXTI_Callback
 .text.HAL_UART_RxCpltCallback
                0x08000b70       0x40 CMakeFiles/Project.dir/Core/Src/main.c.obj
                0x08000b70                HAL_UART_RxCpltCallback
 .text.main     0x08000bb0       0xa4 CMakeFiles/Project.dir/Core/Src/main.c.obj
                0x08000bb0                main
 .text.process_command
                0x08000c54       0xa8 CMakeFiles/Project.dir/Core/Src/main.c.obj
                0x08000c54                process_command
 .text.execute_command
                0x08000cfc      0x11c CMakeFiles/Project.dir/Core/Src/main.c.obj
                0x08000cfc                execute_command
 .text.SystemClock_Config
                0x08000e18       0xa2 CMakeFiles/Project.dir/Core/Src/main.c.obj
                0x08000e18                SystemClock_Config
 *fill*         0x08000eba        0x2 
 .text.MX_USART2_UART_Init
                0x08000ebc       0x60 CMakeFiles/Project.dir/Core/Src/main.c.obj
 .text.MX_GPIO_Init
                0x08000f1c      0x18c CMakeFiles/Project.dir/Core/Src/main.c.obj
 .text.Error_Handler
                0x080010a8        0xc CMakeFiles/Project.dir/Core/Src/main.c.obj
                0x080010a8                Error_Handler
 .text.NMI_Handler
                0x080010b4        0x8 CMakeFiles/Project.dir/Core/Src/stm32l4xx_it.c.obj
                0x080010b4                NMI_Handler
 .text.HardFault_Handler
                0x080010bc        0x8 CMakeFiles/Project.dir/Core/Src/stm32l4xx_it.c.obj
                0x080010bc                HardFault_Handler
 .text.MemManage_Handler
                0x080010c4        0x8 CMakeFiles/Project.dir/Core/Src/stm32l4xx_it.c.obj
                0x080010c4                MemManage_Handler
 .text.BusFault_Handler
                0x080010cc        0x8 CMakeFiles/Project.dir/Core/Src/stm32l4xx_it.c.obj
                0x080010cc                BusFault_Handler
 .text.UsageFault_Handler
                0x080010d4        0x8 CMakeFiles/Project.dir/Core/Src/stm32l4xx_it.c.obj
                0x080010d4                UsageFault_Handler
 .text.SVC_Handler
                0x080010dc        0xe CMakeFiles/Project.dir/Core/Src/stm32l4xx_it.c.obj
                0x080010dc                SVC_Handler
 .text.DebugMon_Handler
                0x080010ea        0xe CMakeFiles/Project.dir/Core/Src/stm32l4xx_it.c.obj
                0x080010ea                DebugMon_Handler
 .text.PendSV_Handler
                0x080010f8        0xe CMakeFiles/Project.dir/Core/Src/stm32l4xx_it.c.obj
                0x080010f8                PendSV_Handler
 .text.SysTick_Handler
                0x08001106        0xc CMakeFiles/Project.dir/Core/Src/stm32l4xx_it.c.obj
                0x08001106                SysTick_Handler
 .text.EXTI9_5_IRQHandler
                0x08001112       0x1e CMakeFiles/Project.dir/Core/Src/stm32l4xx_it.c.obj
                0x08001112                EXTI9_5_IRQHandler
 .text.USART2_IRQHandler
                0x08001130       0x14 CMakeFiles/Project.dir/Core/Src/stm32l4xx_it.c.obj
                0x08001130                USART2_IRQHandler
 .text.EXTI15_10_IRQHandler
                0x08001144       0x18 CMakeFiles/Project.dir/Core/Src/stm32l4xx_it.c.obj
                0x08001144                EXTI15_10_IRQHandler
 .text.HAL_MspInit
                0x0800115c       0x48 CMakeFiles/Project.dir/Core/Src/stm32l4xx_hal_msp.c.obj
                0x0800115c                HAL_MspInit
 .text.HAL_UART_MspInit
                0x080011a4       0xc8 CMakeFiles/Project.dir/Core/Src/stm32l4xx_hal_msp.c.obj
                0x080011a4                HAL_UART_MspInit
 .text.HAL_UART_Init
                0x0800126c       0x9c CMakeFiles/Project.dir/Drivers/STM32L4xx_HAL_Driver/Src/stm32l4xx_hal_uart.c.obj
                0x0800126c                HAL_UART_Init
 .text.HAL_UART_Transmit
                0x08001308      0x112 CMakeFiles/Project.dir/Drivers/STM32L4xx_HAL_Driver/Src/stm32l4xx_hal_uart.c.obj
                0x08001308                HAL_UART_Transmit
 *fill*         0x0800141a        0x2 
 .text.HAL_UART_Receive_IT
                0x0800141c       0x98 CMakeFiles/Project.dir/Drivers/STM32L4xx_HAL_Driver/Src/stm32l4xx_hal_uart.c.obj
                0x0800141c                HAL_UART_Receive_IT
 .text.HAL_UART_IRQHandler
                0x080014b4      0x60c CMakeFiles/Project.dir/Drivers/STM32L4xx_HAL_Driver/Src/stm32l4xx_hal_uart.c.obj
                0x080014b4                HAL_UART_IRQHandler
 .text.HAL_UART_TxCpltCallback
                0x08001ac0       0x14 CMakeFiles/Project.dir/Drivers/STM32L4xx_HAL_Driver/Src/stm32l4xx_hal_uart.c.obj
                0x08001ac0                HAL_UART_TxCpltCallback
 .text.HAL_UART_ErrorCallback
                0x08001ad4       0x14 CMakeFiles/Project.dir/Drivers/STM32L4xx_HAL_Driver/Src/stm32l4xx_hal_uart.c.obj
                0x08001ad4                HAL_UART_ErrorCallback
 .text.HAL_UARTEx_RxEventCallback
                0x08001ae8       0x18 CMakeFiles/Project.dir/Drivers/STM32L4xx_HAL_Driver/Src/stm32l4xx_hal_uart.c.obj
                0x08001ae8                HAL_UARTEx_RxEventCallback
 .text.UART_SetConfig
                0x08001b00      0x570 CMakeFiles/Project.dir/Drivers/STM32L4xx_HAL_Driver/Src/stm32l4xx_hal_uart.c.obj
                0x08001b00                UART_SetConfig
 .text.UART_AdvFeatureConfig
                0x08002070      0x144 CMakeFiles/Project.dir/Drivers/STM32L4xx_HAL_Driver/Src/stm32l4xx_hal_uart.c.obj
                0x08002070                UART_AdvFeatureConfig
 .text.UART_CheckIdleState
                0x080021b4      0x150 CMakeFiles/Project.dir/Drivers/STM32L4xx_HAL_Driver/Src/stm32l4xx_hal_uart.c.obj
                0x080021b4                UART_CheckIdleState
 .text.UART_WaitOnFlagUntilTimeout
                0x08002304       0xda CMakeFiles/Project.dir/Drivers/STM32L4xx_HAL_Driver/Src/stm32l4xx_hal_uart.c.obj
                0x08002304                UART_WaitOnFlagUntilTimeout
 *fill*         0x080023de        0x2 
 .text.UART_Start_Receive_IT
                0x080023e0      0x18c CMakeFiles/Project.dir/Drivers/STM32L4xx_HAL_Driver/Src/stm32l4xx_hal_uart.c.obj
                0x080023e0                UART_Start_Receive_IT
 .text.UART_EndRxTransfer
                0x0800256c       0xc8 CMakeFiles/Project.dir/Drivers/STM32L4xx_HAL_Driver/Src/stm32l4xx_hal_uart.c.obj
 .text.UART_DMAAbortOnError
                0x08002634       0x2c CMakeFiles/Project.dir/Drivers/STM32L4xx_HAL_Driver/Src/stm32l4xx_hal_uart.c.obj
 .text.UART_EndTransmit_IT
                0x08002660       0x54 CMakeFiles/Project.dir/Drivers/STM32L4xx_HAL_Driver/Src/stm32l4xx_hal_uart.c.obj
 .text.UART_RxISR_8BIT
                0x080026b4      0x1bc CMakeFiles/Project.dir/Drivers/STM32L4xx_HAL_Driver/Src/stm32l4xx_hal_uart.c.obj
 .text.UART_RxISR_16BIT
                0x08002870      0x1bc CMakeFiles/Project.dir/Drivers/STM32L4xx_HAL_Driver/Src/stm32l4xx_hal_uart.c.obj
 .text.HAL_UARTEx_WakeupCallback
                0x08002a2c       0x14 CMakeFiles/Project.dir/Drivers/STM32L4xx_HAL_Driver/Src/stm32l4xx_hal_uart_ex.c.obj
                0x08002a2c                HAL_UARTEx_WakeupCallback
 .text.HAL_Init
                0x08002a40       0x40 CMakeFiles/Project.dir/Drivers/STM32L4xx_HAL_Driver/Src/stm32l4xx_hal.c.obj
                0x08002a40                HAL_Init
 .text.HAL_InitTick
                0x08002a80       0x78 CMakeFiles/Project.dir/Drivers/STM32L4xx_HAL_Driver/Src/stm32l4xx_hal.c.obj
                0x08002a80                HAL_InitTick
 .text.HAL_IncTick
                0x08002af8       0x28 CMakeFiles/Project.dir/Drivers/STM32L4xx_HAL_Driver/Src/stm32l4xx_hal.c.obj
                0x08002af8                HAL_IncTick
 .text.HAL_GetTick
                0x08002b20       0x18 CMakeFiles/Project.dir/Drivers/STM32L4xx_HAL_Driver/Src/stm32l4xx_hal.c.obj
                0x08002b20                HAL_GetTick
 .text.HAL_RCC_OscConfig
                0x08002b38      0x7b8 CMakeFiles/Project.dir/Drivers/STM32L4xx_HAL_Driver/Src/stm32l4xx_hal_rcc.c.obj
                0x08002b38                HAL_RCC_OscConfig
 .text.HAL_RCC_ClockConfig
                0x080032f0      0x200 CMakeFiles/Project.dir/Drivers/STM32L4xx_HAL_Driver/Src/stm32l4xx_hal_rcc.c.obj
                0x080032f0                HAL_RCC_ClockConfig
 .text.HAL_RCC_GetSysClockFreq
                0x080034f0      0x118 CMakeFiles/Project.dir/Drivers/STM32L4xx_HAL_Driver/Src/stm32l4xx_hal_rcc.c.obj
                0x080034f0                HAL_RCC_GetSysClockFreq
 .text.HAL_RCC_GetHCLKFreq
                0x08003608       0x18 CMakeFiles/Project.dir/Drivers/STM32L4xx_HAL_Driver/Src/stm32l4xx_hal_rcc.c.obj
                0x08003608                HAL_RCC_GetHCLKFreq
 .text.HAL_RCC_GetPCLK1Freq
                0x08003620       0x2c CMakeFiles/Project.dir/Drivers/STM32L4xx_HAL_Driver/Src/stm32l4xx_hal_rcc.c.obj
                0x08003620                HAL_RCC_GetPCLK1Freq
 .text.HAL_RCC_GetPCLK2Freq
                0x0800364c       0x2c CMakeFiles/Project.dir/Drivers/STM32L4xx_HAL_Driver/Src/stm32l4xx_hal_rcc.c.obj
                0x0800364c                HAL_RCC_GetPCLK2Freq
 .text.RCC_SetFlashLatencyFromMSIRange
                0x08003678       0xc0 CMakeFiles/Project.dir/Drivers/STM32L4xx_HAL_Driver/Src/stm32l4xx_hal_rcc.c.obj
 .text.HAL_RCCEx_PeriphCLKConfig
                0x08003738      0x5d4 CMakeFiles/Project.dir/Drivers/STM32L4xx_HAL_Driver/Src/stm32l4xx_hal_rcc_ex.c.obj
                0x08003738                HAL_RCCEx_PeriphCLKConfig
 .text.RCCEx_PLLSAI1_Config
                0x08003d0c      0x1e8 CMakeFiles/Project.dir/Drivers/STM32L4xx_HAL_Driver/Src/stm32l4xx_hal_rcc_ex.c.obj
 .text.RCCEx_PLLSAI2_Config
                0x08003ef4      0x1bc CMakeFiles/Project.dir/Drivers/STM32L4xx_HAL_Driver/Src/stm32l4xx_hal_rcc_ex.c.obj
 .text.HAL_GPIO_Init
                0x080040b0      0x354 CMakeFiles/Project.dir/Drivers/STM32L4xx_HAL_Driver/Src/stm32l4xx_hal_gpio.c.obj
                0x080040b0                HAL_GPIO_Init
 .text.HAL_GPIO_ReadPin
                0x08004404       0x30 CMakeFiles/Project.dir/Drivers/STM32L4xx_HAL_Driver/Src/stm32l4xx_hal_gpio.c.obj
                0x08004404                HAL_GPIO_ReadPin
 .text.HAL_GPIO_WritePin
                0x08004434       0x30 CMakeFiles/Project.dir/Drivers/STM32L4xx_HAL_Driver/Src/stm32l4xx_hal_gpio.c.obj
                0x08004434                HAL_GPIO_WritePin
 .text.HAL_GPIO_EXTI_IRQHandler
                0x08004464       0x30 CMakeFiles/Project.dir/Drivers/STM32L4xx_HAL_Driver/Src/stm32l4xx_hal_gpio.c.obj
                0x08004464                HAL_GPIO_EXTI_IRQHandler
 .text.HAL_DMA_Abort
                0x08004494       0x7c CMakeFiles/Project.dir/Drivers/STM32L4xx_HAL_Driver/Src/stm32l4xx_hal_dma.c.obj
                0x08004494                HAL_DMA_Abort
 .text.HAL_DMA_Abort_IT
                0x08004510       0x82 CMakeFiles/Project.dir/Drivers/STM32L4xx_HAL_Driver/Src/stm32l4xx_hal_dma.c.obj
                0x08004510                HAL_DMA_Abort_IT
 *fill*         0x08004592        0x2 
 .text.HAL_PWREx_GetVoltageRange
                0x08004594       0x1c CMakeFiles/Project.dir/Drivers/STM32L4xx_HAL_Driver/Src/stm32l4xx_hal_pwr_ex.c.obj
                0x08004594                HAL_PWREx_GetVoltageRange
 .text.HAL_PWREx_ControlVoltageScaling
                0x080045b0       0xac CMakeFiles/Project.dir/Drivers/STM32L4xx_HAL_Driver/Src/stm32l4xx_hal_pwr_ex.c.obj
                0x080045b0                HAL_PWREx_ControlVoltageScaling
 .text.__NVIC_SetPriorityGrouping
                0x0800465c       0x48 CMakeFiles/Project.dir/Drivers/STM32L4xx_HAL_Driver/Src/stm32l4xx_hal_cortex.c.obj
 .text.__NVIC_GetPriorityGrouping
                0x080046a4       0x1c CMakeFiles/Project.dir/Drivers/STM32L4xx_HAL_Driver/Src/stm32l4xx_hal_cortex.c.obj
 .text.__NVIC_EnableIRQ
                0x080046c0       0x3c CMakeFiles/Project.dir/Drivers/STM32L4xx_HAL_Driver/Src/stm32l4xx_hal_cortex.c.obj
 .text.__NVIC_SetPriority
                0x080046fc       0x54 CMakeFiles/Project.dir/Drivers/STM32L4xx_HAL_Driver/Src/stm32l4xx_hal_cortex.c.obj
 .text.NVIC_EncodePriority
                0x08004750       0x66 CMakeFiles/Project.dir/Drivers/STM32L4xx_HAL_Driver/Src/stm32l4xx_hal_cortex.c.obj
 *fill*         0x080047b6        0x2 
 .text.SysTick_Config
                0x080047b8       0x44 CMakeFiles/Project.dir/Drivers/STM32L4xx_HAL_Driver/Src/stm32l4xx_hal_cortex.c.obj
 .text.HAL_NVIC_SetPriorityGrouping
                0x080047fc       0x16 CMakeFiles/Project.dir/Drivers/STM32L4xx_HAL_Driver/Src/stm32l4xx_hal_cortex.c.obj
                0x080047fc                HAL_NVIC_SetPriorityGrouping
 .text.HAL_NVIC_SetPriority
                0x08004812       0x38 CMakeFiles/Project.dir/Drivers/STM32L4xx_HAL_Driver/Src/stm32l4xx_hal_cortex.c.obj
                0x08004812                HAL_NVIC_SetPriority
 .text.HAL_NVIC_EnableIRQ
                0x0800484a       0x1c CMakeFiles/Project.dir/Drivers/STM32L4xx_HAL_Driver/Src/stm32l4xx_hal_cortex.c.obj
                0x0800484a                HAL_NVIC_EnableIRQ
 .text.HAL_SYSTICK_Config
                0x08004866       0x18 CMakeFiles/Project.dir/Drivers/STM32L4xx_HAL_Driver/Src/stm32l4xx_hal_cortex.c.obj
                0x08004866                HAL_SYSTICK_Config
 *fill*         0x0800487e        0x2 
 .text.SystemInit
                0x08004880       0x24 CMakeFiles/Project.dir/Core/Src/system_stm32l4xx.c.obj
                0x08004880                SystemInit
 .text._sbrk    0x080048a4       0x6c CMakeFiles/Project.dir/Core/Src/sysmem.c.obj
                0x080048a4                _sbrk
 .text.Reset_Handler
                0x08004910       0x50 CMakeFiles/Project.dir/startup_stm32l476xx.s.obj
                0x08004910                Reset_Handler
 .text.Default_Handler
                0x08004960        0x2 CMakeFiles/Project.dir/startup_stm32l476xx.s.obj
                0x08004960                RTC_Alarm_IRQHandler
                0x08004960                EXTI2_IRQHandler
                0x08004960                TIM8_TRG_COM_IRQHandler
                0x08004960                TIM8_CC_IRQHandler
                0x08004960                TIM1_CC_IRQHandler
                0x08004960                TSC_IRQHandler
                0x08004960                TAMP_STAMP_IRQHandler
                0x08004960                EXTI3_IRQHandler
                0x08004960                LPTIM2_IRQHandler
                0x08004960                DFSDM1_FLT1_IRQHandler
                0x08004960                I2C3_ER_IRQHandler
                0x08004960                DFSDM1_FLT2_IRQHandler
                0x08004960                EXTI0_IRQHandler
                0x08004960                I2C2_EV_IRQHandler
                0x08004960                CAN1_RX0_IRQHandler
                0x08004960                FPU_IRQHandler
                0x08004960                TIM1_UP_TIM16_IRQHandler
                0x08004960                ADC1_2_IRQHandler
                0x08004960                SPI1_IRQHandler
                0x08004960                TIM6_DAC_IRQHandler
                0x08004960                TIM8_UP_IRQHandler
                0x08004960                DMA2_Channel2_IRQHandler
                0x08004960                DMA1_Channel4_IRQHandler
                0x08004960                SAI2_IRQHandler
                0x08004960                DFSDM1_FLT3_IRQHandler
                0x08004960                USART3_IRQHandler
                0x08004960                DMA1_Channel7_IRQHandler
                0x08004960                CAN1_RX1_IRQHandler
                0x08004960                LCD_IRQHandler
                0x08004960                UART5_IRQHandler
                0x08004960                ADC3_IRQHandler
                0x08004960                TIM4_IRQHandler
                0x08004960                DMA2_Channel1_IRQHandler
                0x08004960                QUADSPI_IRQHandler
                0x08004960                I2C1_EV_IRQHandler
                0x08004960                DMA1_Channel6_IRQHandler
                0x08004960                UART4_IRQHandler
                0x08004960                DMA2_Channel4_IRQHandler
                0x08004960                TIM3_IRQHandler
                0x08004960                RCC_IRQHandler
                0x08004960                DMA1_Channel1_IRQHandler
                0x08004960                Default_Handler
                0x08004960                DMA2_Channel7_IRQHandler
                0x08004960                TIM7_IRQHandler
                0x08004960                SDMMC1_IRQHandler
                0x08004960                TIM5_IRQHandler
                0x08004960                I2C3_EV_IRQHandler
                0x08004960                RTC_WKUP_IRQHandler
                0x08004960                PVD_PVM_IRQHandler
                0x08004960                SPI2_IRQHandler
                0x08004960                CAN1_TX_IRQHandler
                0x08004960                DMA2_Channel5_IRQHandler
                0x08004960                DMA1_Channel5_IRQHandler
                0x08004960                EXTI4_IRQHandler
                0x08004960                RNG_IRQHandler
                0x08004960                TIM1_TRG_COM_TIM17_IRQHandler
                0x08004960                DMA1_Channel3_IRQHandler
                0x08004960                COMP_IRQHandler
                0x08004960                WWDG_IRQHandler
                0x08004960                LPUART1_IRQHandler
                0x08004960                DMA2_Channel6_IRQHandler
                0x08004960                TIM2_IRQHandler
                0x08004960                EXTI1_IRQHandler
                0x08004960                DFSDM1_FLT0_IRQHandler
                0x08004960                I2C2_ER_IRQHandler
                0x08004960                DMA1_Channel2_IRQHandler
                0x08004960                TIM8_BRK_IRQHandler
                0x08004960                CAN1_SCE_IRQHandler
                0x08004960                FLASH_IRQHandler
                0x08004960                USART1_IRQHandler
                0x08004960                OTG_FS_IRQHandler
                0x08004960                SPI3_IRQHandler
                0x08004960                I2C1_ER_IRQHandler
                0x08004960                FMC_IRQHandler
                0x08004960                SWPMI1_IRQHandler
                0x08004960                LPTIM1_IRQHandler
                0x08004960                SAI1_IRQHandler
                0x08004960                DMA2_Channel3_IRQHandler
                0x08004960                TIM1_BRK_TIM15_IRQHandler
 *fill*         0x08004962        0x2 
 .text.snprintf
                0x08004964       0x68 C:/ST/STM32CubeCLT_1.16.0/GNU-tools-for-STM32/bin/../lib/gcc/arm-none-eabi/12.3.1/../../../../arm-none-eabi/lib/thumb/v7e-m+fp/hard\libg_nano.a(libc_a-snprintf.o)
                0x08004964                sniprintf
                0x08004964                snprintf
 .text.__errno  0x080049cc        0xc C:/ST/STM32CubeCLT_1.16.0/GNU-tools-for-STM32/bin/../lib/gcc/arm-none-eabi/12.3.1/../../../../arm-none-eabi/lib/thumb/v7e-m+fp/hard\libg_nano.a(libc_a-errno.o)
                0x080049cc                __errno
 .text.__ssputs_r
                0x080049d8       0xb6 C:/ST/STM32CubeCLT_1.16.0/GNU-tools-for-STM32/bin/../lib/gcc/arm-none-eabi/12.3.1/../../../../arm-none-eabi/lib/thumb/v7e-m+fp/hard\libg_nano.a(libc_a-nano-svfprintf.o)
                0x080049d8                __ssputs_r
 *fill*         0x08004a8e        0x2 
 .text._svfprintf_r
                0x08004a90      0x1f8 C:/ST/STM32CubeCLT_1.16.0/GNU-tools-for-STM32/bin/../lib/gcc/arm-none-eabi/12.3.1/../../../../arm-none-eabi/lib/thumb/v7e-m+fp/hard\libg_nano.a(libc_a-nano-svfprintf.o)
                0x08004a90                _svfiprintf_r
                0x08004a90                _svfprintf_r
 .text._printf_common
                0x08004c88       0xda C:/ST/STM32CubeCLT_1.16.0/GNU-tools-for-STM32/bin/../lib/gcc/arm-none-eabi/12.3.1/../../../../arm-none-eabi/lib/thumb/v7e-m+fp/hard\libg_nano.a(libc_a-nano-vfprintf_i.o)
                0x08004c88                _printf_common
 *fill*         0x08004d62        0x2 
 .text._printf_i
                0x08004d64      0x240 C:/ST/STM32CubeCLT_1.16.0/GNU-tools-for-STM32/bin/../lib/gcc/arm-none-eabi/12.3.1/../../../../arm-none-eabi/lib/thumb/v7e-m+fp/hard\libg_nano.a(libc_a-nano-vfprintf_i.o)
                0x08004d64                _printf_i
 .text.memmove  0x08004fa4       0x34 C:/ST/STM32CubeCLT_1.16.0/GNU-tools-for-STM32/bin/../lib/gcc/arm-none-eabi/12.3.1/../../../../arm-none-eabi/lib/thumb/v7e-m+fp/hard\libg_nano.a(libc_a-memmove.o)
                0x08004fa4                memmove
 .text.memcpy   0x08004fd8       0x1c C:/ST/STM32CubeCLT_1.16.0/GNU-tools-for-STM32/bin/../lib/gcc/arm-none-eabi/12.3.1/../../../../arm-none-eabi/lib/thumb/v7e-m+fp/hard\libg_nano.a(libc_a-memcpy-stub.o)
                0x08004fd8                memcpy
 .text._realloc_r
                0x08004ff4       0x5c C:/ST/STM32CubeCLT_1.16.0/GNU-tools-for-STM32/bin/../lib/gcc/arm-none-eabi/12.3.1/../../../../arm-none-eabi/lib/thumb/v7e-m+fp/hard\libg_nano.a(libc_a-reallocr.o)
                0x08004ff4                _realloc_r
 .text._malloc_usable_size_r
                0x08005050       0x10 C:/ST/STM32CubeCLT_1.16.0/GNU-tools-for-STM32/bin/../lib/gcc/arm-none-eabi/12.3.1/../../../../arm-none-eabi/lib/thumb/v7e-m+fp/hard\libg_nano.a(libc_a-msizer.o)
                0x08005050                _malloc_usable_size_r
 *(.glue_7)
 .glue_7        0x08005060        0x0 linker stubs
 *(.glue_7t)
 .glue_7t       0x08005060        0x0 linker stubs
 *(.eh_frame)
 .eh_frame      0x08005060        0x0 C:/ST/STM32CubeCLT_1.16.0/GNU-tools-for-STM32/bin/../lib/gcc/arm-none-eabi/12.3.1/thumb/v7e-m+fp/hard/crtbegin.o
 *(.init)
 .init          0x08005060        0x4 C:/ST/STM32CubeCLT_1.16.0/GNU-tools-for-STM32/bin/../lib/gcc/arm-none-eabi/12.3.1/thumb/v7e-m+fp/hard/crti.o
                0x08005060                _init
 .init          0x08005064        0x8 C:/ST/STM32CubeCLT_1.16.0/GNU-tools-for-STM32/bin/../lib/gcc/arm-none-eabi/12.3.1/thumb/v7e-m+fp/hard/crtn.o
 *(.fini)
 .fini          0x0800506c        0x4 C:/ST/STM32CubeCLT_1.16.0/GNU-tools-for-STM32/bin/../lib/gcc/arm-none-eabi/12.3.1/thumb/v7e-m+fp/hard/crti.o
                0x0800506c                _fini
 .fini          0x08005070        0x8 C:/ST/STM32CubeCLT_1.16.0/GNU-tools-for-STM32/bin/../lib/gcc/arm-none-eabi/12.3.1/thumb/v7e-m+fp/hard/crtn.o
                0x08005078                        . = ALIGN (0x8)
                0x08005078                        _etext = .

.vfp11_veneer   0x08005078        0x0
 .vfp11_veneer  0x08005078        0x0 linker stubs

.v4_bx          0x08005078        0x0
 .v4_bx         0x08005078        0x0 linker stubs

.iplt           0x08005078        0x0
 .iplt          0x08005078        0x0 C:/ST/STM32CubeCLT_1.16.0/GNU-tools-for-STM32/bin/../lib/gcc/arm-none-eabi/12.3.1/thumb/v7e-m+fp/hard/crtbegin.o

.rodata         0x08005078      0x128
                0x08005078                        . = ALIGN (0x8)
 *(.rodata)
 .rodata        0x08005078       0x97 CMakeFiles/Project.dir/Core/Src/main.c.obj
 *(.rodata*)
 *fill*         0x0800510f        0x1 
 .rodata.keypad_map
                0x08005110       0x10 CMakeFiles/Project.dir/Drivers/keypad/keypad.c.obj
                0x08005110                keypad_map
 .rodata.AHBPrescTable
                0x08005120       0x10 CMakeFiles/Project.dir/Core/Src/system_stm32l4xx.c.obj
                0x08005120                AHBPrescTable
 .rodata.APBPrescTable
                0x08005130        0x8 CMakeFiles/Project.dir/Core/Src/system_stm32l4xx.c.obj
                0x08005130                APBPrescTable
 .rodata.MSIRangeTable
                0x08005138       0x30 CMakeFiles/Project.dir/Core/Src/system_stm32l4xx.c.obj
                0x08005138                MSIRangeTable
 .rodata._svfprintf_r.str1.1
                0x08005168       0x11 C:/ST/STM32CubeCLT_1.16.0/GNU-tools-for-STM32/bin/../lib/gcc/arm-none-eabi/12.3.1/../../../../arm-none-eabi/lib/thumb/v7e-m+fp/hard\libg_nano.a(libc_a-nano-svfprintf.o)
 .rodata._printf_i.str1.1
                0x08005179       0x22 C:/ST/STM32CubeCLT_1.16.0/GNU-tools-for-STM32/bin/../lib/gcc/arm-none-eabi/12.3.1/../../../../arm-none-eabi/lib/thumb/v7e-m+fp/hard\libg_nano.a(libc_a-nano-vfprintf_i.o)
                0x080051a0                        . = ALIGN (0x8)
 *fill*         0x0800519b        0x5 

.ARM.extab      0x080051a0        0x0
                0x080051a0                        . = ALIGN (0x8)
 *(.ARM.extab* .gnu.linkonce.armextab.*)
                0x080051a0                        . = ALIGN (0x8)

.ARM            0x080051a0        0x8
                0x080051a0                        . = ALIGN (0x8)
                0x080051a0                        __exidx_start = .
 *(.ARM.exidx*)
 .ARM.exidx     0x080051a0        0x8 C:/ST/STM32CubeCLT_1.16.0/GNU-tools-for-STM32/bin/../lib/gcc/arm-none-eabi/12.3.1/thumb/v7e-m+fp/hard\libgcc.a(_udivmoddi4.o)
 .ARM.exidx     0x080051a8        0x0 C:/ST/STM32CubeCLT_1.16.0/GNU-tools-for-STM32/bin/../lib/gcc/arm-none-eabi/12.3.1/../../../../arm-none-eabi/lib/thumb/v7e-m+fp/hard\libg_nano.a(libc_a-strcmp.o)
                                  0x8 (size before relaxing)
 .ARM.exidx     0x080051a8        0x0 C:/ST/STM32CubeCLT_1.16.0/GNU-tools-for-STM32/bin/../lib/gcc/arm-none-eabi/12.3.1/../../../../arm-none-eabi/lib/thumb/v7e-m+fp/hard\libg_nano.a(libc_a-strlen.o)
                                  0x8 (size before relaxing)
 .ARM.exidx     0x080051a8        0x0 C:/ST/STM32CubeCLT_1.16.0/GNU-tools-for-STM32/bin/../lib/gcc/arm-none-eabi/12.3.1/../../../../arm-none-eabi/lib/thumb/v7e-m+fp/hard\libg_nano.a(libc_a-memchr.o)
                                  0x8 (size before relaxing)
                0x080051a8                        __exidx_end = .
                0x080051a8                        . = ALIGN (0x8)

.rel.dyn        0x080051a8        0x0
 .rel.iplt      0x080051a8        0x0 C:/ST/STM32CubeCLT_1.16.0/GNU-tools-for-STM32/bin/../lib/gcc/arm-none-eabi/12.3.1/thumb/v7e-m+fp/hard/crtbegin.o

.preinit_array  0x080051a8        0x0
                0x080051a8                        . = ALIGN (0x8)
                0x080051a8                        PROVIDE (__preinit_array_start = .)
 *(.preinit_array*)
                0x080051a8                        PROVIDE (__preinit_array_end = .)
                0x080051a8                        . = ALIGN (0x8)

.init_array     0x080051a8        0x8
                0x080051a8                        . = ALIGN (0x8)
                0x080051a8                        PROVIDE (__init_array_start = .)
 *(SORT_BY_NAME(.init_array.*))
 *(.init_array*)
 .init_array    0x080051a8        0x4 C:/ST/STM32CubeCLT_1.16.0/GNU-tools-for-STM32/bin/../lib/gcc/arm-none-eabi/12.3.1/thumb/v7e-m+fp/hard/crtbegin.o
                0x080051ac                        PROVIDE (__init_array_end = .)
                0x080051b0                        . = ALIGN (0x8)
 *fill*         0x080051ac        0x4 

.fini_array     0x080051b0        0x8
                0x080051b0                        . = ALIGN (0x8)
                [!provide]                        PROVIDE (__fini_array_start = .)
 *(SORT_BY_NAME(.fini_array.*))
 *(.fini_array*)
 .fini_array    0x080051b0        0x4 C:/ST/STM32CubeCLT_1.16.0/GNU-tools-for-STM32/bin/../lib/gcc/arm-none-eabi/12.3.1/thumb/v7e-m+fp/hard/crtbegin.o
                [!provide]                        PROVIDE (__fini_array_end = .)
                0x080051b8                        . = ALIGN (0x8)
 *fill*         0x080051b4        0x4 
                0x080051b8                        _sidata = LOADADDR (.data)

.data           0x20000000       0x60 load address 0x080051b8
                0x20000000                        . = ALIGN (0x8)
                0x20000000                        _sdata = .
 *(.data)
 *(.data*)
 .data._impure_ptr
                0x20000000        0x4 C:/ST/STM32CubeCLT_1.16.0/GNU-tools-for-STM32/bin/../lib/gcc/arm-none-eabi/12.3.1/../../../../arm-none-eabi/lib/thumb/v7e-m+fp/hard\libc_nano.a(libc_a-impure.o)
                0x20000000                _impure_ptr
 .data._impure_data
                0x20000004       0x4c C:/ST/STM32CubeCLT_1.16.0/GNU-tools-for-STM32/bin/../lib/gcc/arm-none-eabi/12.3.1/../../../../arm-none-eabi/lib/thumb/v7e-m+fp/hard\libc_nano.a(libc_a-impure.o)
                0x20000004                _impure_data
 .data.uwTickPrio
                0x20000050        0x4 CMakeFiles/Project.dir/Drivers/STM32L4xx_HAL_Driver/Src/stm32l4xx_hal.c.obj
                0x20000050                uwTickPrio
 .data.uwTickFreq
                0x20000054        0x1 CMakeFiles/Project.dir/Drivers/STM32L4xx_HAL_Driver/Src/stm32l4xx_hal.c.obj
                0x20000054                uwTickFreq
 *fill*         0x20000055        0x3 
 .data.SystemCoreClock
                0x20000058        0x4 CMakeFiles/Project.dir/Core/Src/system_stm32l4xx.c.obj
                0x20000058                SystemCoreClock
                0x20000060                        . = ALIGN (0x8)
 *fill*         0x2000005c        0x4 
                0x20000060                        _edata = .

.igot.plt       0x20000060        0x0 load address 0x08005218
 .igot.plt      0x20000060        0x0 C:/ST/STM32CubeCLT_1.16.0/GNU-tools-for-STM32/bin/../lib/gcc/arm-none-eabi/12.3.1/thumb/v7e-m+fp/hard/crtbegin.o
                0x20000060                        . = ALIGN (0x4)

.bss            0x20000060      0x254 load address 0x08005218
                0x20000060                        _sbss = .
                0x20000060                        __bss_start__ = _sbss
 *(.bss)
 .bss           0x20000060       0x1c C:/ST/STM32CubeCLT_1.16.0/GNU-tools-for-STM32/bin/../lib/gcc/arm-none-eabi/12.3.1/thumb/v7e-m+fp/hard/crtbegin.o
 *(.bss*)
 .bss.__sf      0x2000007c      0x138 C:/ST/STM32CubeCLT_1.16.0/GNU-tools-for-STM32/bin/../lib/gcc/arm-none-eabi/12.3.1/../../../../arm-none-eabi/lib/thumb/v7e-m+fp/hard\libc_nano.a(libc_a-findfp.o)
                0x2000007c                __sf
 .bss.errno     0x200001b4        0x4 C:/ST/STM32CubeCLT_1.16.0/GNU-tools-for-STM32/bin/../lib/gcc/arm-none-eabi/12.3.1/../../../../arm-none-eabi/lib/thumb/v7e-m+fp/hard\libc_nano.a(libc_a-reent.o)
                0x200001b4                errno
 .bss.__lock___malloc_recursive_mutex
                0x200001b8        0x1 C:/ST/STM32CubeCLT_1.16.0/GNU-tools-for-STM32/bin/../lib/gcc/arm-none-eabi/12.3.1/../../../../arm-none-eabi/lib/thumb/v7e-m+fp/hard\libc_nano.a(libc_a-lock.o)
                0x200001b8                __lock___malloc_recursive_mutex
 *fill*         0x200001b9        0x3 
 .bss.__malloc_sbrk_start
                0x200001bc        0x4 C:/ST/STM32CubeCLT_1.16.0/GNU-tools-for-STM32/bin/../lib/gcc/arm-none-eabi/12.3.1/../../../../arm-none-eabi/lib/thumb/v7e-m+fp/hard\libc_nano.a(libc_a-mallocr.o)
                0x200001bc                __malloc_sbrk_start
 .bss.__malloc_free_list
                0x200001c0        0x4 C:/ST/STM32CubeCLT_1.16.0/GNU-tools-for-STM32/bin/../lib/gcc/arm-none-eabi/12.3.1/../../../../arm-none-eabi/lib/thumb/v7e-m+fp/hard\libc_nano.a(libc_a-mallocr.o)
                0x200001c0                __malloc_free_list
 .bss.huart2    0x200001c4       0x88 CMakeFiles/Project.dir/Core/Src/main.c.obj
                0x200001c4                huart2
 .bss.byte_recibed
                0x2000024c        0x1 CMakeFiles/Project.dir/Core/Src/main.c.obj
                0x2000024c                byte_recibed
 *fill*         0x2000024d        0x3 
 .bss.uart_buffer
                0x20000250       0x40 CMakeFiles/Project.dir/Core/Src/main.c.obj
                0x20000250                uart_buffer
 .bss.uart_rb   0x20000290        0xc CMakeFiles/Project.dir/Core/Src/main.c.obj
                0x20000290                uart_rb
 .bss.key_pressed_tick
                0x2000029c        0x4 CMakeFiles/Project.dir/Core/Src/main.c.obj
                0x2000029c                key_pressed_tick
 .bss.column_pressed
                0x200002a0        0x2 CMakeFiles/Project.dir/Core/Src/main.c.obj
                0x200002a0                column_pressed
 *fill*         0x200002a2        0x2 
 .bss.packet.0  0x200002a4        0x6 CMakeFiles/Project.dir/Core/Src/main.c.obj
 *fill*         0x200002aa        0x2 
 .bss.uwTick    0x200002ac        0x4 CMakeFiles/Project.dir/Drivers/STM32L4xx_HAL_Driver/Src/stm32l4xx_hal.c.obj
                0x200002ac                uwTick
 .bss.__sbrk_heap_end
                0x200002b0        0x4 CMakeFiles/Project.dir/Core/Src/sysmem.c.obj
 *(COMMON)
                0x200002b4                        . = ALIGN (0x4)
                0x200002b4                        _ebss = .
                0x200002b4                        __bss_end__ = _ebss

._user_heap_stack
                0x200002b4      0x604 load address 0x08005218
                0x200002b8                        . = ALIGN (0x8)
 *fill*         0x200002b4        0x4 
                [!provide]                        PROVIDE (end = .)
                0x200002b8                        PROVIDE (_end = .)
                0x200004b8                        . = (. + _Min_Heap_Size)
 *fill*         0x200002b8      0x200 
                0x200008b8                        . = (. + _Min_Stack_Size)
 *fill*         0x200004b8      0x400 
                0x200008b8                        . = ALIGN (0x8)

/DISCARD/
 libc.a(*)
 libm.a(*)
 libgcc.a(*)
OUTPUT(Project.elf elf32-littlearm)
LOAD linker stubs
LOAD C:/ST/STM32CubeCLT_1.16.0/GNU-tools-for-STM32/bin/../lib/gcc/arm-none-eabi/12.3.1/../../../../arm-none-eabi/lib/thumb/v7e-m+fp/hard\libc.a
LOAD C:/ST/STM32CubeCLT_1.16.0/GNU-tools-for-STM32/bin/../lib/gcc/arm-none-eabi/12.3.1/../../../../arm-none-eabi/lib/thumb/v7e-m+fp/hard\libm.a
LOAD C:/ST/STM32CubeCLT_1.16.0/GNU-tools-for-STM32/bin/../lib/gcc/arm-none-eabi/12.3.1/thumb/v7e-m+fp/hard\libgcc.a

.ARM.attributes
                0x00000000       0x30
 .ARM.attributes
                0x00000000       0x22 C:/ST/STM32CubeCLT_1.16.0/GNU-tools-for-STM32/bin/../lib/gcc/arm-none-eabi/12.3.1/thumb/v7e-m+fp/hard/crti.o
 .ARM.attributes
                0x00000022       0x34 C:/ST/STM32CubeCLT_1.16.0/GNU-tools-for-STM32/bin/../lib/gcc/arm-none-eabi/12.3.1/thumb/v7e-m+fp/hard/crtbegin.o
 .ARM.attributes
                0x00000056       0x34 C:/ST/STM32CubeCLT_1.16.0/GNU-tools-for-STM32/bin/../lib/gcc/arm-none-eabi/12.3.1/../../../../arm-none-eabi/lib/thumb/v7e-m+fp/hard\libc_nano.a(libc_a-findfp.o)
 .ARM.attributes
                0x0000008a       0x34 C:/ST/STM32CubeCLT_1.16.0/GNU-tools-for-STM32/bin/../lib/gcc/arm-none-eabi/12.3.1/../../../../arm-none-eabi/lib/thumb/v7e-m+fp/hard\libc_nano.a(libc_a-memset.o)
 .ARM.attributes
                0x000000be       0x34 C:/ST/STM32CubeCLT_1.16.0/GNU-tools-for-STM32/bin/../lib/gcc/arm-none-eabi/12.3.1/../../../../arm-none-eabi/lib/thumb/v7e-m+fp/hard\libc_nano.a(libc_a-reent.o)
 .ARM.attributes
                0x000000f2       0x34 C:/ST/STM32CubeCLT_1.16.0/GNU-tools-for-STM32/bin/../lib/gcc/arm-none-eabi/12.3.1/../../../../arm-none-eabi/lib/thumb/v7e-m+fp/hard\libc_nano.a(libc_a-impure.o)
 .ARM.attributes
                0x00000126       0x34 C:/ST/STM32CubeCLT_1.16.0/GNU-tools-for-STM32/bin/../lib/gcc/arm-none-eabi/12.3.1/../../../../arm-none-eabi/lib/thumb/v7e-m+fp/hard\libc_nano.a(libc_a-init.o)
 .ARM.attributes
                0x0000015a       0x34 C:/ST/STM32CubeCLT_1.16.0/GNU-tools-for-STM32/bin/../lib/gcc/arm-none-eabi/12.3.1/../../../../arm-none-eabi/lib/thumb/v7e-m+fp/hard\libc_nano.a(libc_a-lock.o)
 .ARM.attributes
                0x0000018e       0x34 C:/ST/STM32CubeCLT_1.16.0/GNU-tools-for-STM32/bin/../lib/gcc/arm-none-eabi/12.3.1/../../../../arm-none-eabi/lib/thumb/v7e-m+fp/hard\libc_nano.a(libc_a-freer.o)
 .ARM.attributes
                0x000001c2       0x34 C:/ST/STM32CubeCLT_1.16.0/GNU-tools-for-STM32/bin/../lib/gcc/arm-none-eabi/12.3.1/../../../../arm-none-eabi/lib/thumb/v7e-m+fp/hard\libc_nano.a(libc_a-mallocr.o)
 .ARM.attributes
                0x000001f6       0x34 C:/ST/STM32CubeCLT_1.16.0/GNU-tools-for-STM32/bin/../lib/gcc/arm-none-eabi/12.3.1/../../../../arm-none-eabi/lib/thumb/v7e-m+fp/hard\libc_nano.a(libc_a-mlock.o)
 .ARM.attributes
                0x0000022a       0x34 C:/ST/STM32CubeCLT_1.16.0/GNU-tools-for-STM32/bin/../lib/gcc/arm-none-eabi/12.3.1/../../../../arm-none-eabi/lib/thumb/v7e-m+fp/hard\libc_nano.a(libc_a-sbrkr.o)
 .ARM.attributes
                0x0000025e       0x34 CMakeFiles/Project.dir/Core/Src/ring_buffer.c.obj
 .ARM.attributes
                0x00000292       0x34 CMakeFiles/Project.dir/Drivers/keypad/keypad.c.obj
 .ARM.attributes
                0x000002c6       0x34 CMakeFiles/Project.dir/Core/Src/main.c.obj
 .ARM.attributes
                0x000002fa       0x34 CMakeFiles/Project.dir/Core/Src/stm32l4xx_it.c.obj
 .ARM.attributes
                0x0000032e       0x34 CMakeFiles/Project.dir/Core/Src/stm32l4xx_hal_msp.c.obj
 .ARM.attributes
                0x00000362       0x34 CMakeFiles/Project.dir/Drivers/STM32L4xx_HAL_Driver/Src/stm32l4xx_hal_uart.c.obj
 .ARM.attributes
                0x00000396       0x34 CMakeFiles/Project.dir/Drivers/STM32L4xx_HAL_Driver/Src/stm32l4xx_hal_uart_ex.c.obj
 .ARM.attributes
                0x000003ca       0x34 CMakeFiles/Project.dir/Drivers/STM32L4xx_HAL_Driver/Src/stm32l4xx_hal.c.obj
 .ARM.attributes
                0x000003fe       0x34 CMakeFiles/Project.dir/Drivers/STM32L4xx_HAL_Driver/Src/stm32l4xx_hal_rcc.c.obj
 .ARM.attributes
                0x00000432       0x34 CMakeFiles/Project.dir/Drivers/STM32L4xx_HAL_Driver/Src/stm32l4xx_hal_rcc_ex.c.obj
 .ARM.attributes
                0x00000466       0x34 CMakeFiles/Project.dir/Drivers/STM32L4xx_HAL_Driver/Src/stm32l4xx_hal_gpio.c.obj
 .ARM.attributes
                0x0000049a       0x34 CMakeFiles/Project.dir/Drivers/STM32L4xx_HAL_Driver/Src/stm32l4xx_hal_dma.c.obj
 .ARM.attributes
                0x000004ce       0x34 CMakeFiles/Project.dir/Drivers/STM32L4xx_HAL_Driver/Src/stm32l4xx_hal_pwr_ex.c.obj
 .ARM.attributes
                0x00000502       0x34 CMakeFiles/Project.dir/Drivers/STM32L4xx_HAL_Driver/Src/stm32l4xx_hal_cortex.c.obj
 .ARM.attributes
                0x00000536       0x34 CMakeFiles/Project.dir/Core/Src/system_stm32l4xx.c.obj
 .ARM.attributes
                0x0000056a       0x34 CMakeFiles/Project.dir/Core/Src/sysmem.c.obj
 .ARM.attributes
                0x0000059e       0x21 CMakeFiles/Project.dir/startup_stm32l476xx.s.obj
 .ARM.attributes
                0x000005bf       0x22 C:/ST/STM32CubeCLT_1.16.0/GNU-tools-for-STM32/bin/../lib/gcc/arm-none-eabi/12.3.1/thumb/v7e-m+fp/hard\libgcc.a(_aeabi_uldivmod.o)
 .ARM.attributes
                0x000005e1       0x34 C:/ST/STM32CubeCLT_1.16.0/GNU-tools-for-STM32/bin/../lib/gcc/arm-none-eabi/12.3.1/thumb/v7e-m+fp/hard\libgcc.a(_udivmoddi4.o)
 .ARM.attributes
                0x00000615       0x22 C:/ST/STM32CubeCLT_1.16.0/GNU-tools-for-STM32/bin/../lib/gcc/arm-none-eabi/12.3.1/thumb/v7e-m+fp/hard\libgcc.a(_dvmd_tls.o)
 .ARM.attributes
                0x00000637       0x34 C:/ST/STM32CubeCLT_1.16.0/GNU-tools-for-STM32/bin/../lib/gcc/arm-none-eabi/12.3.1/../../../../arm-none-eabi/lib/thumb/v7e-m+fp/hard\libg_nano.a(libc_a-snprintf.o)
 .ARM.attributes
                0x0000066b       0x34 C:/ST/STM32CubeCLT_1.16.0/GNU-tools-for-STM32/bin/../lib/gcc/arm-none-eabi/12.3.1/../../../../arm-none-eabi/lib/thumb/v7e-m+fp/hard\libg_nano.a(libc_a-errno.o)
 .ARM.attributes
                0x0000069f       0x20 C:/ST/STM32CubeCLT_1.16.0/GNU-tools-for-STM32/bin/../lib/gcc/arm-none-eabi/12.3.1/../../../../arm-none-eabi/lib/thumb/v7e-m+fp/hard\libg_nano.a(libc_a-strcmp.o)
 .ARM.attributes
                0x000006bf       0x17 C:/ST/STM32CubeCLT_1.16.0/GNU-tools-for-STM32/bin/../lib/gcc/arm-none-eabi/12.3.1/../../../../arm-none-eabi/lib/thumb/v7e-m+fp/hard\libg_nano.a(libc_a-strlen.o)
 .ARM.attributes
                0x000006d6       0x34 C:/ST/STM32CubeCLT_1.16.0/GNU-tools-for-STM32/bin/../lib/gcc/arm-none-eabi/12.3.1/../../../../arm-none-eabi/lib/thumb/v7e-m+fp/hard\libg_nano.a(libc_a-nano-svfprintf.o)
 .ARM.attributes
                0x0000070a       0x34 C:/ST/STM32CubeCLT_1.16.0/GNU-tools-for-STM32/bin/../lib/gcc/arm-none-eabi/12.3.1/../../../../arm-none-eabi/lib/thumb/v7e-m+fp/hard\libg_nano.a(libc_a-nano-vfprintf_i.o)
 .ARM.attributes
                0x0000073e       0x34 C:/ST/STM32CubeCLT_1.16.0/GNU-tools-for-STM32/bin/../lib/gcc/arm-none-eabi/12.3.1/../../../../arm-none-eabi/lib/thumb/v7e-m+fp/hard\libg_nano.a(libc_a-memmove.o)
 .ARM.attributes
                0x00000772       0x1c C:/ST/STM32CubeCLT_1.16.0/GNU-tools-for-STM32/bin/../lib/gcc/arm-none-eabi/12.3.1/../../../../arm-none-eabi/lib/thumb/v7e-m+fp/hard\libg_nano.a(libc_a-memchr.o)
 .ARM.attributes
                0x0000078e       0x34 C:/ST/STM32CubeCLT_1.16.0/GNU-tools-for-STM32/bin/../lib/gcc/arm-none-eabi/12.3.1/../../../../arm-none-eabi/lib/thumb/v7e-m+fp/hard\libg_nano.a(libc_a-memcpy-stub.o)
 .ARM.attributes
                0x000007c2       0x34 C:/ST/STM32CubeCLT_1.16.0/GNU-tools-for-STM32/bin/../lib/gcc/arm-none-eabi/12.3.1/../../../../arm-none-eabi/lib/thumb/v7e-m+fp/hard\libg_nano.a(libc_a-reallocr.o)
 .ARM.attributes
                0x000007f6       0x34 C:/ST/STM32CubeCLT_1.16.0/GNU-tools-for-STM32/bin/../lib/gcc/arm-none-eabi/12.3.1/../../../../arm-none-eabi/lib/thumb/v7e-m+fp/hard\libg_nano.a(libc_a-msizer.o)
 .ARM.attributes
                0x0000082a       0x22 C:/ST/STM32CubeCLT_1.16.0/GNU-tools-for-STM32/bin/../lib/gcc/arm-none-eabi/12.3.1/thumb/v7e-m+fp/hard/crtn.o

.comment        0x00000000       0x43
 .comment       0x00000000       0x43 CMakeFiles/Project.dir/Core/Src/ring_buffer.c.obj
                                 0x44 (size before relaxing)
 .comment       0x00000043       0x44 CMakeFiles/Project.dir/Drivers/keypad/keypad.c.obj
 .comment       0x00000043       0x44 CMakeFiles/Project.dir/Core/Src/main.c.obj
 .comment       0x00000043       0x44 CMakeFiles/Project.dir/Core/Src/stm32l4xx_it.c.obj
 .comment       0x00000043       0x44 CMakeFiles/Project.dir/Core/Src/stm32l4xx_hal_msp.c.obj
 .comment       0x00000043       0x44 CMakeFiles/Project.dir/Drivers/STM32L4xx_HAL_Driver/Src/stm32l4xx_hal_uart.c.obj
 .comment       0x00000043       0x44 CMakeFiles/Project.dir/Drivers/STM32L4xx_HAL_Driver/Src/stm32l4xx_hal_uart_ex.c.obj
 .comment       0x00000043       0x44 CMakeFiles/Project.dir/Drivers/STM32L4xx_HAL_Driver/Src/stm32l4xx_hal.c.obj
 .comment       0x00000043       0x44 CMakeFiles/Project.dir/Drivers/STM32L4xx_HAL_Driver/Src/stm32l4xx_hal_rcc.c.obj
 .comment       0x00000043       0x44 CMakeFiles/Project.dir/Drivers/STM32L4xx_HAL_Driver/Src/stm32l4xx_hal_rcc_ex.c.obj
 .comment       0x00000043       0x44 CMakeFiles/Project.dir/Drivers/STM32L4xx_HAL_Driver/Src/stm32l4xx_hal_gpio.c.obj
 .comment       0x00000043       0x44 CMakeFiles/Project.dir/Drivers/STM32L4xx_HAL_Driver/Src/stm32l4xx_hal_dma.c.obj
 .comment       0x00000043       0x44 CMakeFiles/Project.dir/Drivers/STM32L4xx_HAL_Driver/Src/stm32l4xx_hal_pwr_ex.c.obj
 .comment       0x00000043       0x44 CMakeFiles/Project.dir/Drivers/STM32L4xx_HAL_Driver/Src/stm32l4xx_hal_cortex.c.obj
 .comment       0x00000043       0x44 CMakeFiles/Project.dir/Core/Src/system_stm32l4xx.c.obj
 .comment       0x00000043       0x44 CMakeFiles/Project.dir/Core/Src/sysmem.c.obj
 .comment       0x00000043       0x44 C:/ST/STM32CubeCLT_1.16.0/GNU-tools-for-STM32/bin/../lib/gcc/arm-none-eabi/12.3.1/../../../../arm-none-eabi/lib/thumb/v7e-m+fp/hard\libg_nano.a(libc_a-snprintf.o)
 .comment       0x00000043       0x44 C:/ST/STM32CubeCLT_1.16.0/GNU-tools-for-STM32/bin/../lib/gcc/arm-none-eabi/12.3.1/../../../../arm-none-eabi/lib/thumb/v7e-m+fp/hard\libg_nano.a(libc_a-errno.o)
 .comment       0x00000043       0x44 C:/ST/STM32CubeCLT_1.16.0/GNU-tools-for-STM32/bin/../lib/gcc/arm-none-eabi/12.3.1/../../../../arm-none-eabi/lib/thumb/v7e-m+fp/hard\libg_nano.a(libc_a-nano-svfprintf.o)
 .comment       0x00000043       0x44 C:/ST/STM32CubeCLT_1.16.0/GNU-tools-for-STM32/bin/../lib/gcc/arm-none-eabi/12.3.1/../../../../arm-none-eabi/lib/thumb/v7e-m+fp/hard\libg_nano.a(libc_a-nano-vfprintf_i.o)
 .comment       0x00000043       0x44 C:/ST/STM32CubeCLT_1.16.0/GNU-tools-for-STM32/bin/../lib/gcc/arm-none-eabi/12.3.1/../../../../arm-none-eabi/lib/thumb/v7e-m+fp/hard\libg_nano.a(libc_a-memmove.o)
 .comment       0x00000043       0x44 C:/ST/STM32CubeCLT_1.16.0/GNU-tools-for-STM32/bin/../lib/gcc/arm-none-eabi/12.3.1/../../../../arm-none-eabi/lib/thumb/v7e-m+fp/hard\libg_nano.a(libc_a-memcpy-stub.o)
 .comment       0x00000043       0x44 C:/ST/STM32CubeCLT_1.16.0/GNU-tools-for-STM32/bin/../lib/gcc/arm-none-eabi/12.3.1/../../../../arm-none-eabi/lib/thumb/v7e-m+fp/hard\libg_nano.a(libc_a-reallocr.o)
 .comment       0x00000043       0x44 C:/ST/STM32CubeCLT_1.16.0/GNU-tools-for-STM32/bin/../lib/gcc/arm-none-eabi/12.3.1/../../../../arm-none-eabi/lib/thumb/v7e-m+fp/hard\libg_nano.a(libc_a-msizer.o)

.debug_frame    0x00000000     0x2edc
 .debug_frame   0x00000000      0x144 C:/ST/STM32CubeCLT_1.16.0/GNU-tools-for-STM32/bin/../lib/gcc/arm-none-eabi/12.3.1/../../../../arm-none-eabi/lib/thumb/v7e-m+fp/hard\libc_nano.a(libc_a-findfp.o)
 .debug_frame   0x00000144       0x20 C:/ST/STM32CubeCLT_1.16.0/GNU-tools-for-STM32/bin/../lib/gcc/arm-none-eabi/12.3.1/../../../../arm-none-eabi/lib/thumb/v7e-m+fp/hard\libc_nano.a(libc_a-memset.o)
 .debug_frame   0x00000164       0x38 C:/ST/STM32CubeCLT_1.16.0/GNU-tools-for-STM32/bin/../lib/gcc/arm-none-eabi/12.3.1/../../../../arm-none-eabi/lib/thumb/v7e-m+fp/hard\libc_nano.a(libc_a-reent.o)
 .debug_frame   0x0000019c       0x2c C:/ST/STM32CubeCLT_1.16.0/GNU-tools-for-STM32/bin/../lib/gcc/arm-none-eabi/12.3.1/../../../../arm-none-eabi/lib/thumb/v7e-m+fp/hard\libc_nano.a(libc_a-init.o)
 .debug_frame   0x000001c8       0xb0 C:/ST/STM32CubeCLT_1.16.0/GNU-tools-for-STM32/bin/../lib/gcc/arm-none-eabi/12.3.1/../../../../arm-none-eabi/lib/thumb/v7e-m+fp/hard\libc_nano.a(libc_a-lock.o)
 .debug_frame   0x00000278       0x38 C:/ST/STM32CubeCLT_1.16.0/GNU-tools-for-STM32/bin/../lib/gcc/arm-none-eabi/12.3.1/../../../../arm-none-eabi/lib/thumb/v7e-m+fp/hard\libc_nano.a(libc_a-freer.o)
 .debug_frame   0x000002b0       0x50 C:/ST/STM32CubeCLT_1.16.0/GNU-tools-for-STM32/bin/../lib/gcc/arm-none-eabi/12.3.1/../../../../arm-none-eabi/lib/thumb/v7e-m+fp/hard\libc_nano.a(libc_a-mallocr.o)
 .debug_frame   0x00000300       0x30 C:/ST/STM32CubeCLT_1.16.0/GNU-tools-for-STM32/bin/../lib/gcc/arm-none-eabi/12.3.1/../../../../arm-none-eabi/lib/thumb/v7e-m+fp/hard\libc_nano.a(libc_a-mlock.o)
 .debug_frame   0x00000330       0x2c C:/ST/STM32CubeCLT_1.16.0/GNU-tools-for-STM32/bin/../lib/gcc/arm-none-eabi/12.3.1/../../../../arm-none-eabi/lib/thumb/v7e-m+fp/hard\libc_nano.a(libc_a-sbrkr.o)
 .debug_frame   0x0000035c      0x14c CMakeFiles/Project.dir/Core/Src/ring_buffer.c.obj
 .debug_frame   0x000004a8       0x74 CMakeFiles/Project.dir/Drivers/keypad/keypad.c.obj
 .debug_frame   0x0000051c      0x13c CMakeFiles/Project.dir/Core/Src/main.c.obj
 .debug_frame   0x00000658      0x158 CMakeFiles/Project.dir/Core/Src/stm32l4xx_it.c.obj
 .debug_frame   0x000007b0       0x84 CMakeFiles/Project.dir/Core/Src/stm32l4xx_hal_msp.c.obj
 .debug_frame   0x00000834      0x9f4 CMakeFiles/Project.dir/Drivers/STM32L4xx_HAL_Driver/Src/stm32l4xx_hal_uart.c.obj
 .debug_frame   0x00001228      0x204 CMakeFiles/Project.dir/Drivers/STM32L4xx_HAL_Driver/Src/stm32l4xx_hal_uart_ex.c.obj
 .debug_frame   0x0000142c      0x498 CMakeFiles/Project.dir/Drivers/STM32L4xx_HAL_Driver/Src/stm32l4xx_hal.c.obj
 .debug_frame   0x000018c4      0x21c CMakeFiles/Project.dir/Drivers/STM32L4xx_HAL_Driver/Src/stm32l4xx_hal_rcc.c.obj
 .debug_frame   0x00001ae0      0x2fc CMakeFiles/Project.dir/Drivers/STM32L4xx_HAL_Driver/Src/stm32l4xx_hal_rcc_ex.c.obj
 .debug_frame   0x00001ddc      0x14c CMakeFiles/Project.dir/Drivers/STM32L4xx_HAL_Driver/Src/stm32l4xx_hal_gpio.c.obj
 .debug_frame   0x00001f28      0x204 CMakeFiles/Project.dir/Drivers/STM32L4xx_HAL_Driver/Src/stm32l4xx_hal_dma.c.obj
 .debug_frame   0x0000212c      0x584 CMakeFiles/Project.dir/Drivers/STM32L4xx_HAL_Driver/Src/stm32l4xx_hal_pwr_ex.c.obj
 .debug_frame   0x000026b0      0x4e8 CMakeFiles/Project.dir/Drivers/STM32L4xx_HAL_Driver/Src/stm32l4xx_hal_cortex.c.obj
 .debug_frame   0x00002b98       0x58 CMakeFiles/Project.dir/Core/Src/system_stm32l4xx.c.obj
 .debug_frame   0x00002bf0       0x34 CMakeFiles/Project.dir/Core/Src/sysmem.c.obj
 .debug_frame   0x00002c24       0x2c C:/ST/STM32CubeCLT_1.16.0/GNU-tools-for-STM32/bin/../lib/gcc/arm-none-eabi/12.3.1/thumb/v7e-m+fp/hard\libgcc.a(_aeabi_uldivmod.o)
 .debug_frame   0x00002c50       0x34 C:/ST/STM32CubeCLT_1.16.0/GNU-tools-for-STM32/bin/../lib/gcc/arm-none-eabi/12.3.1/thumb/v7e-m+fp/hard\libgcc.a(_udivmoddi4.o)
 .debug_frame   0x00002c84       0x7c C:/ST/STM32CubeCLT_1.16.0/GNU-tools-for-STM32/bin/../lib/gcc/arm-none-eabi/12.3.1/../../../../arm-none-eabi/lib/thumb/v7e-m+fp/hard\libg_nano.a(libc_a-snprintf.o)
 .debug_frame   0x00002d00       0x20 C:/ST/STM32CubeCLT_1.16.0/GNU-tools-for-STM32/bin/../lib/gcc/arm-none-eabi/12.3.1/../../../../arm-none-eabi/lib/thumb/v7e-m+fp/hard\libg_nano.a(libc_a-errno.o)
 .debug_frame   0x00002d20       0x20 C:/ST/STM32CubeCLT_1.16.0/GNU-tools-for-STM32/bin/../lib/gcc/arm-none-eabi/12.3.1/../../../../arm-none-eabi/lib/thumb/v7e-m+fp/hard\libg_nano.a(libc_a-strcmp.o)
 .debug_frame   0x00002d40       0x90 C:/ST/STM32CubeCLT_1.16.0/GNU-tools-for-STM32/bin/../lib/gcc/arm-none-eabi/12.3.1/../../../../arm-none-eabi/lib/thumb/v7e-m+fp/hard\libg_nano.a(libc_a-nano-svfprintf.o)
 .debug_frame   0x00002dd0       0x60 C:/ST/STM32CubeCLT_1.16.0/GNU-tools-for-STM32/bin/../lib/gcc/arm-none-eabi/12.3.1/../../../../arm-none-eabi/lib/thumb/v7e-m+fp/hard\libg_nano.a(libc_a-nano-vfprintf_i.o)
 .debug_frame   0x00002e30       0x28 C:/ST/STM32CubeCLT_1.16.0/GNU-tools-for-STM32/bin/../lib/gcc/arm-none-eabi/12.3.1/../../../../arm-none-eabi/lib/thumb/v7e-m+fp/hard\libg_nano.a(libc_a-memmove.o)
 .debug_frame   0x00002e58       0x28 C:/ST/STM32CubeCLT_1.16.0/GNU-tools-for-STM32/bin/../lib/gcc/arm-none-eabi/12.3.1/../../../../arm-none-eabi/lib/thumb/v7e-m+fp/hard\libg_nano.a(libc_a-memcpy-stub.o)
 .debug_frame   0x00002e80       0x3c C:/ST/STM32CubeCLT_1.16.0/GNU-tools-for-STM32/bin/../lib/gcc/arm-none-eabi/12.3.1/../../../../arm-none-eabi/lib/thumb/v7e-m+fp/hard\libg_nano.a(libc_a-reallocr.o)
 .debug_frame   0x00002ebc       0x20 C:/ST/STM32CubeCLT_1.16.0/GNU-tools-for-STM32/bin/../lib/gcc/arm-none-eabi/12.3.1/../../../../arm-none-eabi/lib/thumb/v7e-m+fp/hard\libg_nano.a(libc_a-msizer.o)

.debug_info     0x00000000    0x10d8c
 .debug_info    0x00000000      0x251 CMakeFiles/Project.dir/Core/Src/ring_buffer.c.obj
 .debug_info    0x00000251      0x307 CMakeFiles/Project.dir/Drivers/keypad/keypad.c.obj
 .debug_info    0x00000558     0x136e CMakeFiles/Project.dir/Core/Src/main.c.obj
 .debug_info    0x000018c6      0x767 CMakeFiles/Project.dir/Core/Src/stm32l4xx_it.c.obj
 .debug_info    0x0000202d      0xfa7 CMakeFiles/Project.dir/Core/Src/stm32l4xx_hal_msp.c.obj
 .debug_info    0x00002fd4     0x3b69 CMakeFiles/Project.dir/Drivers/STM32L4xx_HAL_Driver/Src/stm32l4xx_hal_uart.c.obj
 .debug_info    0x00006b3d      0xdff CMakeFiles/Project.dir/Drivers/STM32L4xx_HAL_Driver/Src/stm32l4xx_hal_uart_ex.c.obj
 .debug_info    0x0000793c      0xc09 CMakeFiles/Project.dir/Drivers/STM32L4xx_HAL_Driver/Src/stm32l4xx_hal.c.obj
 .debug_info    0x00008545      0xc14 CMakeFiles/Project.dir/Drivers/STM32L4xx_HAL_Driver/Src/stm32l4xx_hal_rcc.c.obj
 .debug_info    0x00009159      0xe11 CMakeFiles/Project.dir/Drivers/STM32L4xx_HAL_Driver/Src/stm32l4xx_hal_rcc_ex.c.obj
 .debug_info    0x00009f6a      0x757 CMakeFiles/Project.dir/Drivers/STM32L4xx_HAL_Driver/Src/stm32l4xx_hal_gpio.c.obj
 .debug_info    0x0000a6c1      0x6f4 CMakeFiles/Project.dir/Drivers/STM32L4xx_HAL_Driver/Src/stm32l4xx_hal_dma.c.obj
 .debug_info    0x0000adb5      0x99e CMakeFiles/Project.dir/Drivers/STM32L4xx_HAL_Driver/Src/stm32l4xx_hal_pwr_ex.c.obj
 .debug_info    0x0000b753      0xd81 CMakeFiles/Project.dir/Drivers/STM32L4xx_HAL_Driver/Src/stm32l4xx_hal_cortex.c.obj
 .debug_info    0x0000c4d4      0x5b1 CMakeFiles/Project.dir/Core/Src/system_stm32l4xx.c.obj
 .debug_info    0x0000ca85      0x168 CMakeFiles/Project.dir/Core/Src/sysmem.c.obj
 .debug_info    0x0000cbed       0x30 CMakeFiles/Project.dir/startup_stm32l476xx.s.obj
 .debug_info    0x0000cc1d      0x8b9 C:/ST/STM32CubeCLT_1.16.0/GNU-tools-for-STM32/bin/../lib/gcc/arm-none-eabi/12.3.1/../../../../arm-none-eabi/lib/thumb/v7e-m+fp/hard\libg_nano.a(libc_a-snprintf.o)
 .debug_info    0x0000d4d6      0x6fb C:/ST/STM32CubeCLT_1.16.0/GNU-tools-for-STM32/bin/../lib/gcc/arm-none-eabi/12.3.1/../../../../arm-none-eabi/lib/thumb/v7e-m+fp/hard\libg_nano.a(libc_a-errno.o)
 .debug_info    0x0000dbd1       0x31 C:/ST/STM32CubeCLT_1.16.0/GNU-tools-for-STM32/bin/../lib/gcc/arm-none-eabi/12.3.1/../../../../arm-none-eabi/lib/thumb/v7e-m+fp/hard\libg_nano.a(libc_a-strcmp.o)
 .debug_info    0x0000dc02       0x31 C:/ST/STM32CubeCLT_1.16.0/GNU-tools-for-STM32/bin/../lib/gcc/arm-none-eabi/12.3.1/../../../../arm-none-eabi/lib/thumb/v7e-m+fp/hard\libg_nano.a(libc_a-strlen.o)
 .debug_info    0x0000dc33     0x10c7 C:/ST/STM32CubeCLT_1.16.0/GNU-tools-for-STM32/bin/../lib/gcc/arm-none-eabi/12.3.1/../../../../arm-none-eabi/lib/thumb/v7e-m+fp/hard\libg_nano.a(libc_a-nano-svfprintf.o)
 .debug_info    0x0000ecfa      0xde2 C:/ST/STM32CubeCLT_1.16.0/GNU-tools-for-STM32/bin/../lib/gcc/arm-none-eabi/12.3.1/../../../../arm-none-eabi/lib/thumb/v7e-m+fp/hard\libg_nano.a(libc_a-nano-vfprintf_i.o)
 .debug_info    0x0000fadc      0x10f C:/ST/STM32CubeCLT_1.16.0/GNU-tools-for-STM32/bin/../lib/gcc/arm-none-eabi/12.3.1/../../../../arm-none-eabi/lib/thumb/v7e-m+fp/hard\libg_nano.a(libc_a-memmove.o)
 .debug_info    0x0000fbeb       0x25 C:/ST/STM32CubeCLT_1.16.0/GNU-tools-for-STM32/bin/../lib/gcc/arm-none-eabi/12.3.1/../../../../arm-none-eabi/lib/thumb/v7e-m+fp/hard\libg_nano.a(libc_a-memchr.o)
 .debug_info    0x0000fc10      0x121 C:/ST/STM32CubeCLT_1.16.0/GNU-tools-for-STM32/bin/../lib/gcc/arm-none-eabi/12.3.1/../../../../arm-none-eabi/lib/thumb/v7e-m+fp/hard\libg_nano.a(libc_a-memcpy-stub.o)
 .debug_info    0x0000fd31      0x8c7 C:/ST/STM32CubeCLT_1.16.0/GNU-tools-for-STM32/bin/../lib/gcc/arm-none-eabi/12.3.1/../../../../arm-none-eabi/lib/thumb/v7e-m+fp/hard\libg_nano.a(libc_a-reallocr.o)
 .debug_info    0x000105f8      0x794 C:/ST/STM32CubeCLT_1.16.0/GNU-tools-for-STM32/bin/../lib/gcc/arm-none-eabi/12.3.1/../../../../arm-none-eabi/lib/thumb/v7e-m+fp/hard\libg_nano.a(libc_a-msizer.o)

.debug_abbrev   0x00000000     0x2f5e
 .debug_abbrev  0x00000000       0xfe CMakeFiles/Project.dir/Core/Src/ring_buffer.c.obj
 .debug_abbrev  0x000000fe      0x193 CMakeFiles/Project.dir/Drivers/keypad/keypad.c.obj
 .debug_abbrev  0x00000291      0x2ca CMakeFiles/Project.dir/Core/Src/main.c.obj
 .debug_abbrev  0x0000055b      0x172 CMakeFiles/Project.dir/Core/Src/stm32l4xx_it.c.obj
 .debug_abbrev  0x000006cd      0x1d8 CMakeFiles/Project.dir/Core/Src/stm32l4xx_hal_msp.c.obj
 .debug_abbrev  0x000008a5      0x2d0 CMakeFiles/Project.dir/Drivers/STM32L4xx_HAL_Driver/Src/stm32l4xx_hal_uart.c.obj
 .debug_abbrev  0x00000b75      0x2be CMakeFiles/Project.dir/Drivers/STM32L4xx_HAL_Driver/Src/stm32l4xx_hal_uart_ex.c.obj
 .debug_abbrev  0x00000e33      0x243 CMakeFiles/Project.dir/Drivers/STM32L4xx_HAL_Driver/Src/stm32l4xx_hal.c.obj
 .debug_abbrev  0x00001076      0x2cb CMakeFiles/Project.dir/Drivers/STM32L4xx_HAL_Driver/Src/stm32l4xx_hal_rcc.c.obj
 .debug_abbrev  0x00001341      0x2a6 CMakeFiles/Project.dir/Drivers/STM32L4xx_HAL_Driver/Src/stm32l4xx_hal_rcc_ex.c.obj
 .debug_abbrev  0x000015e7      0x1cb CMakeFiles/Project.dir/Drivers/STM32L4xx_HAL_Driver/Src/stm32l4xx_hal_gpio.c.obj
 .debug_abbrev  0x000017b2      0x1e4 CMakeFiles/Project.dir/Drivers/STM32L4xx_HAL_Driver/Src/stm32l4xx_hal_dma.c.obj
 .debug_abbrev  0x00001996      0x1f9 CMakeFiles/Project.dir/Drivers/STM32L4xx_HAL_Driver/Src/stm32l4xx_hal_pwr_ex.c.obj
 .debug_abbrev  0x00001b8f      0x31c CMakeFiles/Project.dir/Drivers/STM32L4xx_HAL_Driver/Src/stm32l4xx_hal_cortex.c.obj
 .debug_abbrev  0x00001eab      0x11a CMakeFiles/Project.dir/Core/Src/system_stm32l4xx.c.obj
 .debug_abbrev  0x00001fc5       0xbc CMakeFiles/Project.dir/Core/Src/sysmem.c.obj
 .debug_abbrev  0x00002081       0x24 CMakeFiles/Project.dir/startup_stm32l476xx.s.obj
 .debug_abbrev  0x000020a5      0x231 C:/ST/STM32CubeCLT_1.16.0/GNU-tools-for-STM32/bin/../lib/gcc/arm-none-eabi/12.3.1/../../../../arm-none-eabi/lib/thumb/v7e-m+fp/hard\libg_nano.a(libc_a-snprintf.o)
 .debug_abbrev  0x000022d6      0x15e C:/ST/STM32CubeCLT_1.16.0/GNU-tools-for-STM32/bin/../lib/gcc/arm-none-eabi/12.3.1/../../../../arm-none-eabi/lib/thumb/v7e-m+fp/hard\libg_nano.a(libc_a-errno.o)
 .debug_abbrev  0x00002434       0x28 C:/ST/STM32CubeCLT_1.16.0/GNU-tools-for-STM32/bin/../lib/gcc/arm-none-eabi/12.3.1/../../../../arm-none-eabi/lib/thumb/v7e-m+fp/hard\libg_nano.a(libc_a-strcmp.o)
 .debug_abbrev  0x0000245c       0x28 C:/ST/STM32CubeCLT_1.16.0/GNU-tools-for-STM32/bin/../lib/gcc/arm-none-eabi/12.3.1/../../../../arm-none-eabi/lib/thumb/v7e-m+fp/hard\libg_nano.a(libc_a-strlen.o)
 .debug_abbrev  0x00002484      0x31e C:/ST/STM32CubeCLT_1.16.0/GNU-tools-for-STM32/bin/../lib/gcc/arm-none-eabi/12.3.1/../../../../arm-none-eabi/lib/thumb/v7e-m+fp/hard\libg_nano.a(libc_a-nano-svfprintf.o)
 .debug_abbrev  0x000027a2      0x28e C:/ST/STM32CubeCLT_1.16.0/GNU-tools-for-STM32/bin/../lib/gcc/arm-none-eabi/12.3.1/../../../../arm-none-eabi/lib/thumb/v7e-m+fp/hard\libg_nano.a(libc_a-nano-vfprintf_i.o)
 .debug_abbrev  0x00002a30       0xac C:/ST/STM32CubeCLT_1.16.0/GNU-tools-for-STM32/bin/../lib/gcc/arm-none-eabi/12.3.1/../../../../arm-none-eabi/lib/thumb/v7e-m+fp/hard\libg_nano.a(libc_a-memmove.o)
 .debug_abbrev  0x00002adc       0x14 C:/ST/STM32CubeCLT_1.16.0/GNU-tools-for-STM32/bin/../lib/gcc/arm-none-eabi/12.3.1/../../../../arm-none-eabi/lib/thumb/v7e-m+fp/hard\libg_nano.a(libc_a-memchr.o)
 .debug_abbrev  0x00002af0       0xc1 C:/ST/STM32CubeCLT_1.16.0/GNU-tools-for-STM32/bin/../lib/gcc/arm-none-eabi/12.3.1/../../../../arm-none-eabi/lib/thumb/v7e-m+fp/hard\libg_nano.a(libc_a-memcpy-stub.o)
 .debug_abbrev  0x00002bb1      0x217 C:/ST/STM32CubeCLT_1.16.0/GNU-tools-for-STM32/bin/../lib/gcc/arm-none-eabi/12.3.1/../../../../arm-none-eabi/lib/thumb/v7e-m+fp/hard\libg_nano.a(libc_a-reallocr.o)
 .debug_abbrev  0x00002dc8      0x196 C:/ST/STM32CubeCLT_1.16.0/GNU-tools-for-STM32/bin/../lib/gcc/arm-none-eabi/12.3.1/../../../../arm-none-eabi/lib/thumb/v7e-m+fp/hard\libg_nano.a(libc_a-msizer.o)

.debug_aranges  0x00000000      0xc08
 .debug_aranges
                0x00000000       0x58 CMakeFiles/Project.dir/Core/Src/ring_buffer.c.obj
 .debug_aranges
                0x00000058       0x30 CMakeFiles/Project.dir/Drivers/keypad/keypad.c.obj
 .debug_aranges
                0x00000088       0x60 CMakeFiles/Project.dir/Core/Src/main.c.obj
 .debug_aranges
                0x000000e8       0x78 CMakeFiles/Project.dir/Core/Src/stm32l4xx_it.c.obj
 .debug_aranges
                0x00000160       0x30 CMakeFiles/Project.dir/Core/Src/stm32l4xx_hal_msp.c.obj
 .debug_aranges
                0x00000190      0x228 CMakeFiles/Project.dir/Drivers/STM32L4xx_HAL_Driver/Src/stm32l4xx_hal_uart.c.obj
 .debug_aranges
                0x000003b8       0x80 CMakeFiles/Project.dir/Drivers/STM32L4xx_HAL_Driver/Src/stm32l4xx_hal_uart_ex.c.obj
 .debug_aranges
                0x00000438      0x130 CMakeFiles/Project.dir/Drivers/STM32L4xx_HAL_Driver/Src/stm32l4xx_hal.c.obj
 .debug_aranges
                0x00000568       0x90 CMakeFiles/Project.dir/Drivers/STM32L4xx_HAL_Driver/Src/stm32l4xx_hal_rcc.c.obj
 .debug_aranges
                0x000005f8       0xc0 CMakeFiles/Project.dir/Drivers/STM32L4xx_HAL_Driver/Src/stm32l4xx_hal_rcc_ex.c.obj
 .debug_aranges
                0x000006b8       0x58 CMakeFiles/Project.dir/Drivers/STM32L4xx_HAL_Driver/Src/stm32l4xx_hal_gpio.c.obj
 .debug_aranges
                0x00000710       0x80 CMakeFiles/Project.dir/Drivers/STM32L4xx_HAL_Driver/Src/stm32l4xx_hal_dma.c.obj
 .debug_aranges
                0x00000790      0x160 CMakeFiles/Project.dir/Drivers/STM32L4xx_HAL_Driver/Src/stm32l4xx_hal_pwr_ex.c.obj
 .debug_aranges
                0x000008f0      0x128 CMakeFiles/Project.dir/Drivers/STM32L4xx_HAL_Driver/Src/stm32l4xx_hal_cortex.c.obj
 .debug_aranges
                0x00000a18       0x28 CMakeFiles/Project.dir/Core/Src/system_stm32l4xx.c.obj
 .debug_aranges
                0x00000a40       0x20 CMakeFiles/Project.dir/Core/Src/sysmem.c.obj
 .debug_aranges
                0x00000a60       0x28 CMakeFiles/Project.dir/startup_stm32l476xx.s.obj
 .debug_aranges
                0x00000a88       0x28 C:/ST/STM32CubeCLT_1.16.0/GNU-tools-for-STM32/bin/../lib/gcc/arm-none-eabi/12.3.1/../../../../arm-none-eabi/lib/thumb/v7e-m+fp/hard\libg_nano.a(libc_a-snprintf.o)
 .debug_aranges
                0x00000ab0       0x20 C:/ST/STM32CubeCLT_1.16.0/GNU-tools-for-STM32/bin/../lib/gcc/arm-none-eabi/12.3.1/../../../../arm-none-eabi/lib/thumb/v7e-m+fp/hard\libg_nano.a(libc_a-errno.o)
 .debug_aranges
                0x00000ad0       0x20 C:/ST/STM32CubeCLT_1.16.0/GNU-tools-for-STM32/bin/../lib/gcc/arm-none-eabi/12.3.1/../../../../arm-none-eabi/lib/thumb/v7e-m+fp/hard\libg_nano.a(libc_a-strcmp.o)
 .debug_aranges
                0x00000af0       0x20 C:/ST/STM32CubeCLT_1.16.0/GNU-tools-for-STM32/bin/../lib/gcc/arm-none-eabi/12.3.1/../../../../arm-none-eabi/lib/thumb/v7e-m+fp/hard\libg_nano.a(libc_a-strlen.o)
 .debug_aranges
                0x00000b10       0x30 C:/ST/STM32CubeCLT_1.16.0/GNU-tools-for-STM32/bin/../lib/gcc/arm-none-eabi/12.3.1/../../../../arm-none-eabi/lib/thumb/v7e-m+fp/hard\libg_nano.a(libc_a-nano-svfprintf.o)
 .debug_aranges
                0x00000b40       0x28 C:/ST/STM32CubeCLT_1.16.0/GNU-tools-for-STM32/bin/../lib/gcc/arm-none-eabi/12.3.1/../../../../arm-none-eabi/lib/thumb/v7e-m+fp/hard\libg_nano.a(libc_a-nano-vfprintf_i.o)
 .debug_aranges
                0x00000b68       0x20 C:/ST/STM32CubeCLT_1.16.0/GNU-tools-for-STM32/bin/../lib/gcc/arm-none-eabi/12.3.1/../../../../arm-none-eabi/lib/thumb/v7e-m+fp/hard\libg_nano.a(libc_a-memmove.o)
 .debug_aranges
                0x00000b88       0x20 C:/ST/STM32CubeCLT_1.16.0/GNU-tools-for-STM32/bin/../lib/gcc/arm-none-eabi/12.3.1/../../../../arm-none-eabi/lib/thumb/v7e-m+fp/hard\libg_nano.a(libc_a-memchr.o)
 .debug_aranges
                0x00000ba8       0x20 C:/ST/STM32CubeCLT_1.16.0/GNU-tools-for-STM32/bin/../lib/gcc/arm-none-eabi/12.3.1/../../../../arm-none-eabi/lib/thumb/v7e-m+fp/hard\libg_nano.a(libc_a-memcpy-stub.o)
 .debug_aranges
                0x00000bc8       0x20 C:/ST/STM32CubeCLT_1.16.0/GNU-tools-for-STM32/bin/../lib/gcc/arm-none-eabi/12.3.1/../../../../arm-none-eabi/lib/thumb/v7e-m+fp/hard\libg_nano.a(libc_a-reallocr.o)
 .debug_aranges
                0x00000be8       0x20 C:/ST/STM32CubeCLT_1.16.0/GNU-tools-for-STM32/bin/../lib/gcc/arm-none-eabi/12.3.1/../../../../arm-none-eabi/lib/thumb/v7e-m+fp/hard\libg_nano.a(libc_a-msizer.o)

.debug_rnglists
                0x00000000      0x925
 .debug_rnglists
                0x00000000       0x3d CMakeFiles/Project.dir/Core/Src/ring_buffer.c.obj
 .debug_rnglists
                0x0000003d       0x21 CMakeFiles/Project.dir/Drivers/keypad/keypad.c.obj
 .debug_rnglists
                0x0000005e       0x48 CMakeFiles/Project.dir/Core/Src/main.c.obj
 .debug_rnglists
                0x000000a6       0x55 CMakeFiles/Project.dir/Core/Src/stm32l4xx_it.c.obj
 .debug_rnglists
                0x000000fb       0x20 CMakeFiles/Project.dir/Core/Src/stm32l4xx_hal_msp.c.obj
 .debug_rnglists
                0x0000011b      0x1db CMakeFiles/Project.dir/Drivers/STM32L4xx_HAL_Driver/Src/stm32l4xx_hal_uart.c.obj
 .debug_rnglists
                0x000002f6       0x60 CMakeFiles/Project.dir/Drivers/STM32L4xx_HAL_Driver/Src/stm32l4xx_hal_uart_ex.c.obj
 .debug_rnglists
                0x00000356       0xdf CMakeFiles/Project.dir/Drivers/STM32L4xx_HAL_Driver/Src/stm32l4xx_hal.c.obj
 .debug_rnglists
                0x00000435       0x6d CMakeFiles/Project.dir/Drivers/STM32L4xx_HAL_Driver/Src/stm32l4xx_hal_rcc.c.obj
 .debug_rnglists
                0x000004a2       0x95 CMakeFiles/Project.dir/Drivers/STM32L4xx_HAL_Driver/Src/stm32l4xx_hal_rcc_ex.c.obj
 .debug_rnglists
                0x00000537       0x3f CMakeFiles/Project.dir/Drivers/STM32L4xx_HAL_Driver/Src/stm32l4xx_hal_gpio.c.obj
 .debug_rnglists
                0x00000576       0x64 CMakeFiles/Project.dir/Drivers/STM32L4xx_HAL_Driver/Src/stm32l4xx_hal_dma.c.obj
 .debug_rnglists
                0x000005da      0x109 CMakeFiles/Project.dir/Drivers/STM32L4xx_HAL_Driver/Src/stm32l4xx_hal_pwr_ex.c.obj
 .debug_rnglists
                0x000006e3       0xda CMakeFiles/Project.dir/Drivers/STM32L4xx_HAL_Driver/Src/stm32l4xx_hal_cortex.c.obj
 .debug_rnglists
                0x000007bd       0x1a CMakeFiles/Project.dir/Core/Src/system_stm32l4xx.c.obj
 .debug_rnglists
                0x000007d7       0x13 CMakeFiles/Project.dir/Core/Src/sysmem.c.obj
 .debug_rnglists
                0x000007ea       0x19 CMakeFiles/Project.dir/startup_stm32l476xx.s.obj
 .debug_rnglists
                0x00000803       0x19 C:/ST/STM32CubeCLT_1.16.0/GNU-tools-for-STM32/bin/../lib/gcc/arm-none-eabi/12.3.1/../../../../arm-none-eabi/lib/thumb/v7e-m+fp/hard\libg_nano.a(libc_a-snprintf.o)
 .debug_rnglists
                0x0000081c       0x13 C:/ST/STM32CubeCLT_1.16.0/GNU-tools-for-STM32/bin/../lib/gcc/arm-none-eabi/12.3.1/../../../../arm-none-eabi/lib/thumb/v7e-m+fp/hard\libg_nano.a(libc_a-errno.o)
 .debug_rnglists
                0x0000082f       0x44 C:/ST/STM32CubeCLT_1.16.0/GNU-tools-for-STM32/bin/../lib/gcc/arm-none-eabi/12.3.1/../../../../arm-none-eabi/lib/thumb/v7e-m+fp/hard\libg_nano.a(libc_a-nano-svfprintf.o)
 .debug_rnglists
                0x00000873       0x66 C:/ST/STM32CubeCLT_1.16.0/GNU-tools-for-STM32/bin/../lib/gcc/arm-none-eabi/12.3.1/../../../../arm-none-eabi/lib/thumb/v7e-m+fp/hard\libg_nano.a(libc_a-nano-vfprintf_i.o)
 .debug_rnglists
                0x000008d9       0x13 C:/ST/STM32CubeCLT_1.16.0/GNU-tools-for-STM32/bin/../lib/gcc/arm-none-eabi/12.3.1/../../../../arm-none-eabi/lib/thumb/v7e-m+fp/hard\libg_nano.a(libc_a-memmove.o)
 .debug_rnglists
                0x000008ec       0x13 C:/ST/STM32CubeCLT_1.16.0/GNU-tools-for-STM32/bin/../lib/gcc/arm-none-eabi/12.3.1/../../../../arm-none-eabi/lib/thumb/v7e-m+fp/hard\libg_nano.a(libc_a-memcpy-stub.o)
 .debug_rnglists
                0x000008ff       0x13 C:/ST/STM32CubeCLT_1.16.0/GNU-tools-for-STM32/bin/../lib/gcc/arm-none-eabi/12.3.1/../../../../arm-none-eabi/lib/thumb/v7e-m+fp/hard\libg_nano.a(libc_a-reallocr.o)
 .debug_rnglists
                0x00000912       0x13 C:/ST/STM32CubeCLT_1.16.0/GNU-tools-for-STM32/bin/../lib/gcc/arm-none-eabi/12.3.1/../../../../arm-none-eabi/lib/thumb/v7e-m+fp/hard\libg_nano.a(libc_a-msizer.o)

.debug_macro    0x00000000    0x26489
 .debug_macro   0x00000000       0x6d CMakeFiles/Project.dir/Core/Src/ring_buffer.c.obj
 .debug_macro   0x0000006d      0xab4 CMakeFiles/Project.dir/Core/Src/ring_buffer.c.obj
 .debug_macro   0x00000b21       0x22 CMakeFiles/Project.dir/Core/Src/ring_buffer.c.obj
 .debug_macro   0x00000b43       0x8e CMakeFiles/Project.dir/Core/Src/ring_buffer.c.obj
 .debug_macro   0x00000bd1       0x51 CMakeFiles/Project.dir/Core/Src/ring_buffer.c.obj
 .debug_macro   0x00000c22      0x103 CMakeFiles/Project.dir/Core/Src/ring_buffer.c.obj
 .debug_macro   0x00000d25       0x6a CMakeFiles/Project.dir/Core/Src/ring_buffer.c.obj
 .debug_macro   0x00000d8f      0x1df CMakeFiles/Project.dir/Core/Src/ring_buffer.c.obj
 .debug_macro   0x00000f6e      0x2c1 CMakeFiles/Project.dir/Drivers/keypad/keypad.c.obj
 .debug_macro   0x0000122f      0x1a1 CMakeFiles/Project.dir/Drivers/keypad/keypad.c.obj
 .debug_macro   0x000013d0       0x2e CMakeFiles/Project.dir/Drivers/keypad/keypad.c.obj
 .debug_macro   0x000013fe       0x28 CMakeFiles/Project.dir/Drivers/keypad/keypad.c.obj
 .debug_macro   0x00001426       0x1c CMakeFiles/Project.dir/Drivers/keypad/keypad.c.obj
 .debug_macro   0x00001442       0x22 CMakeFiles/Project.dir/Drivers/keypad/keypad.c.obj
 .debug_macro   0x00001464       0xfb CMakeFiles/Project.dir/Drivers/keypad/keypad.c.obj
 .debug_macro   0x0000155f     0x1011 CMakeFiles/Project.dir/Drivers/keypad/keypad.c.obj
 .debug_macro   0x00002570      0x11f CMakeFiles/Project.dir/Drivers/keypad/keypad.c.obj
 .debug_macro   0x0000268f    0x1a17a CMakeFiles/Project.dir/Drivers/keypad/keypad.c.obj
 .debug_macro   0x0001c809       0x6d CMakeFiles/Project.dir/Drivers/keypad/keypad.c.obj
 .debug_macro   0x0001c876     0x38fb CMakeFiles/Project.dir/Drivers/keypad/keypad.c.obj
 .debug_macro   0x00020171      0x189 CMakeFiles/Project.dir/Drivers/keypad/keypad.c.obj
 .debug_macro   0x000202fa       0x5c CMakeFiles/Project.dir/Drivers/keypad/keypad.c.obj
 .debug_macro   0x00020356     0x159e CMakeFiles/Project.dir/Drivers/keypad/keypad.c.obj
 .debug_macro   0x000218f4      0x5a5 CMakeFiles/Project.dir/Drivers/keypad/keypad.c.obj
 .debug_macro   0x00021e99      0x1b9 CMakeFiles/Project.dir/Drivers/keypad/keypad.c.obj
 .debug_macro   0x00022052      0x18b CMakeFiles/Project.dir/Drivers/keypad/keypad.c.obj
 .debug_macro   0x000221dd      0x26b CMakeFiles/Project.dir/Drivers/keypad/keypad.c.obj
 .debug_macro   0x00022448      0x23d CMakeFiles/Project.dir/Drivers/keypad/keypad.c.obj
 .debug_macro   0x00022685      0x241 CMakeFiles/Project.dir/Drivers/keypad/keypad.c.obj
 .debug_macro   0x000228c6      0x37c CMakeFiles/Project.dir/Drivers/keypad/keypad.c.obj
 .debug_macro   0x00022c42       0xd6 CMakeFiles/Project.dir/Drivers/keypad/keypad.c.obj
 .debug_macro   0x00022d18      0x122 CMakeFiles/Project.dir/Drivers/keypad/keypad.c.obj
 .debug_macro   0x00022e3a      0x3ef CMakeFiles/Project.dir/Drivers/keypad/keypad.c.obj
 .debug_macro   0x00023229      0x5cf CMakeFiles/Project.dir/Drivers/keypad/keypad.c.obj
 .debug_macro   0x000237f8       0x44 CMakeFiles/Project.dir/Drivers/keypad/keypad.c.obj
 .debug_macro   0x0002383c      0x330 CMakeFiles/Project.dir/Drivers/keypad/keypad.c.obj
 .debug_macro   0x00023b6c       0x22 CMakeFiles/Project.dir/Drivers/keypad/keypad.c.obj
 .debug_macro   0x00023b8e       0x74 CMakeFiles/Project.dir/Drivers/keypad/keypad.c.obj
 .debug_macro   0x00023c02       0x2a CMakeFiles/Project.dir/Drivers/keypad/keypad.c.obj
 .debug_macro   0x00023c2c       0x3c CMakeFiles/Project.dir/Drivers/keypad/keypad.c.obj
 .debug_macro   0x00023c68       0x34 CMakeFiles/Project.dir/Drivers/keypad/keypad.c.obj
 .debug_macro   0x00023c9c       0x16 CMakeFiles/Project.dir/Drivers/keypad/keypad.c.obj
 .debug_macro   0x00023cb2       0x43 CMakeFiles/Project.dir/Drivers/keypad/keypad.c.obj
 .debug_macro   0x00023cf5       0x34 CMakeFiles/Project.dir/Drivers/keypad/keypad.c.obj
 .debug_macro   0x00023d29       0x10 CMakeFiles/Project.dir/Drivers/keypad/keypad.c.obj
 .debug_macro   0x00023d39       0x58 CMakeFiles/Project.dir/Drivers/keypad/keypad.c.obj
 .debug_macro   0x00023d91      0x1de CMakeFiles/Project.dir/Drivers/keypad/keypad.c.obj
 .debug_macro   0x00023f6f      0x369 CMakeFiles/Project.dir/Drivers/keypad/keypad.c.obj
 .debug_macro   0x000242d8       0x10 CMakeFiles/Project.dir/Drivers/keypad/keypad.c.obj
 .debug_macro   0x000242e8       0x35 CMakeFiles/Project.dir/Drivers/keypad/keypad.c.obj
 .debug_macro   0x0002431d       0x20 CMakeFiles/Project.dir/Drivers/keypad/keypad.c.obj
 .debug_macro   0x0002433d       0x1c CMakeFiles/Project.dir/Drivers/keypad/keypad.c.obj
 .debug_macro   0x00024359       0x10 CMakeFiles/Project.dir/Drivers/keypad/keypad.c.obj
 .debug_macro   0x00024369       0x1c CMakeFiles/Project.dir/Drivers/keypad/keypad.c.obj
 .debug_macro   0x00024385       0x16 CMakeFiles/Project.dir/Drivers/keypad/keypad.c.obj
 .debug_macro   0x0002439b      0x170 CMakeFiles/Project.dir/Drivers/keypad/keypad.c.obj
 .debug_macro   0x0002450b       0xd0 CMakeFiles/Project.dir/Drivers/keypad/keypad.c.obj
 .debug_macro   0x000245db      0x2d1 CMakeFiles/Project.dir/Core/Src/main.c.obj
 .debug_macro   0x000248ac      0x2c1 CMakeFiles/Project.dir/Core/Src/stm32l4xx_it.c.obj
 .debug_macro   0x00024b6d      0x2b7 CMakeFiles/Project.dir/Core/Src/stm32l4xx_hal_msp.c.obj
 .debug_macro   0x00024e24      0x1d7 CMakeFiles/Project.dir/Drivers/STM32L4xx_HAL_Driver/Src/stm32l4xx_hal_uart.c.obj
 .debug_macro   0x00024ffb      0x1ac CMakeFiles/Project.dir/Drivers/STM32L4xx_HAL_Driver/Src/stm32l4xx_hal_uart_ex.c.obj
 .debug_macro   0x000251a7      0x1fa CMakeFiles/Project.dir/Drivers/STM32L4xx_HAL_Driver/Src/stm32l4xx_hal.c.obj
 .debug_macro   0x000253a1      0x1ee CMakeFiles/Project.dir/Drivers/STM32L4xx_HAL_Driver/Src/stm32l4xx_hal_rcc.c.obj
 .debug_macro   0x0002558f      0x1e2 CMakeFiles/Project.dir/Drivers/STM32L4xx_HAL_Driver/Src/stm32l4xx_hal_rcc_ex.c.obj
 .debug_macro   0x00025771      0x1b3 CMakeFiles/Project.dir/Drivers/STM32L4xx_HAL_Driver/Src/stm32l4xx_hal_gpio.c.obj
 .debug_macro   0x00025924      0x1ac CMakeFiles/Project.dir/Drivers/STM32L4xx_HAL_Driver/Src/stm32l4xx_hal_dma.c.obj
 .debug_macro   0x00025ad0      0x1d0 CMakeFiles/Project.dir/Drivers/STM32L4xx_HAL_Driver/Src/stm32l4xx_hal_pwr_ex.c.obj
 .debug_macro   0x00025ca0      0x1ac CMakeFiles/Project.dir/Drivers/STM32L4xx_HAL_Driver/Src/stm32l4xx_hal_cortex.c.obj
 .debug_macro   0x00025e4c      0x1ac CMakeFiles/Project.dir/Core/Src/system_stm32l4xx.c.obj
 .debug_macro   0x00025ff8       0xec CMakeFiles/Project.dir/Core/Src/sysmem.c.obj
 .debug_macro   0x000260e4       0x10 CMakeFiles/Project.dir/Core/Src/sysmem.c.obj
 .debug_macro   0x000260f4       0x6e CMakeFiles/Project.dir/Core/Src/sysmem.c.obj
 .debug_macro   0x00026162       0x94 CMakeFiles/Project.dir/Core/Src/sysmem.c.obj
 .debug_macro   0x000261f6       0x57 CMakeFiles/Project.dir/Core/Src/sysmem.c.obj
 .debug_macro   0x0002624d      0x23c CMakeFiles/Project.dir/Core/Src/sysmem.c.obj

.debug_line     0x00000000     0xf81e
 .debug_line    0x00000000      0x4d3 CMakeFiles/Project.dir/Core/Src/ring_buffer.c.obj
 .debug_line    0x000004d3      0x934 CMakeFiles/Project.dir/Drivers/keypad/keypad.c.obj
 .debug_line    0x00000e07      0xb77 CMakeFiles/Project.dir/Core/Src/main.c.obj
 .debug_line    0x0000197e      0x93e CMakeFiles/Project.dir/Core/Src/stm32l4xx_it.c.obj
 .debug_line    0x000022bc      0x892 CMakeFiles/Project.dir/Core/Src/stm32l4xx_hal_msp.c.obj
 .debug_line    0x00002b4e     0x3270 CMakeFiles/Project.dir/Drivers/STM32L4xx_HAL_Driver/Src/stm32l4xx_hal_uart.c.obj
 .debug_line    0x00005dbe      0xc64 CMakeFiles/Project.dir/Drivers/STM32L4xx_HAL_Driver/Src/stm32l4xx_hal_uart_ex.c.obj
 .debug_line    0x00006a22      0xb5f CMakeFiles/Project.dir/Drivers/STM32L4xx_HAL_Driver/Src/stm32l4xx_hal.c.obj
 .debug_line    0x00007581      0xfd7 CMakeFiles/Project.dir/Drivers/STM32L4xx_HAL_Driver/Src/stm32l4xx_hal_rcc.c.obj
 .debug_line    0x00008558     0x1549 CMakeFiles/Project.dir/Drivers/STM32L4xx_HAL_Driver/Src/stm32l4xx_hal_rcc_ex.c.obj
 .debug_line    0x00009aa1      0xbea CMakeFiles/Project.dir/Drivers/STM32L4xx_HAL_Driver/Src/stm32l4xx_hal_gpio.c.obj
 .debug_line    0x0000a68b      0xd63 CMakeFiles/Project.dir/Drivers/STM32L4xx_HAL_Driver/Src/stm32l4xx_hal_dma.c.obj
 .debug_line    0x0000b3ee      0xd50 CMakeFiles/Project.dir/Drivers/STM32L4xx_HAL_Driver/Src/stm32l4xx_hal_pwr_ex.c.obj
 .debug_line    0x0000c13e      0xd27 CMakeFiles/Project.dir/Drivers/STM32L4xx_HAL_Driver/Src/stm32l4xx_hal_cortex.c.obj
 .debug_line    0x0000ce65      0x803 CMakeFiles/Project.dir/Core/Src/system_stm32l4xx.c.obj
 .debug_line    0x0000d668      0x35a CMakeFiles/Project.dir/Core/Src/sysmem.c.obj
 .debug_line    0x0000d9c2       0x7a CMakeFiles/Project.dir/startup_stm32l476xx.s.obj
 .debug_line    0x0000da3c      0x335 C:/ST/STM32CubeCLT_1.16.0/GNU-tools-for-STM32/bin/../lib/gcc/arm-none-eabi/12.3.1/../../../../arm-none-eabi/lib/thumb/v7e-m+fp/hard\libg_nano.a(libc_a-snprintf.o)
 .debug_line    0x0000dd71      0x185 C:/ST/STM32CubeCLT_1.16.0/GNU-tools-for-STM32/bin/../lib/gcc/arm-none-eabi/12.3.1/../../../../arm-none-eabi/lib/thumb/v7e-m+fp/hard\libg_nano.a(libc_a-errno.o)
 .debug_line    0x0000def6       0x50 C:/ST/STM32CubeCLT_1.16.0/GNU-tools-for-STM32/bin/../lib/gcc/arm-none-eabi/12.3.1/../../../../arm-none-eabi/lib/thumb/v7e-m+fp/hard\libg_nano.a(libc_a-strcmp.o)
 .debug_line    0x0000df46       0x4f C:/ST/STM32CubeCLT_1.16.0/GNU-tools-for-STM32/bin/../lib/gcc/arm-none-eabi/12.3.1/../../../../arm-none-eabi/lib/thumb/v7e-m+fp/hard\libg_nano.a(libc_a-strlen.o)
 .debug_line    0x0000df95      0x882 C:/ST/STM32CubeCLT_1.16.0/GNU-tools-for-STM32/bin/../lib/gcc/arm-none-eabi/12.3.1/../../../../arm-none-eabi/lib/thumb/v7e-m+fp/hard\libg_nano.a(libc_a-nano-svfprintf.o)
 .debug_line    0x0000e817      0x74c C:/ST/STM32CubeCLT_1.16.0/GNU-tools-for-STM32/bin/../lib/gcc/arm-none-eabi/12.3.1/../../../../arm-none-eabi/lib/thumb/v7e-m+fp/hard\libg_nano.a(libc_a-nano-vfprintf_i.o)
 .debug_line    0x0000ef63      0x1bc C:/ST/STM32CubeCLT_1.16.0/GNU-tools-for-STM32/bin/../lib/gcc/arm-none-eabi/12.3.1/../../../../arm-none-eabi/lib/thumb/v7e-m+fp/hard\libg_nano.a(libc_a-memmove.o)
 .debug_line    0x0000f11f       0x84 C:/ST/STM32CubeCLT_1.16.0/GNU-tools-for-STM32/bin/../lib/gcc/arm-none-eabi/12.3.1/../../../../arm-none-eabi/lib/thumb/v7e-m+fp/hard\libg_nano.a(libc_a-memchr.o)
 .debug_line    0x0000f1a3      0x202 C:/ST/STM32CubeCLT_1.16.0/GNU-tools-for-STM32/bin/../lib/gcc/arm-none-eabi/12.3.1/../../../../arm-none-eabi/lib/thumb/v7e-m+fp/hard\libg_nano.a(libc_a-memcpy-stub.o)
 .debug_line    0x0000f3a5      0x274 C:/ST/STM32CubeCLT_1.16.0/GNU-tools-for-STM32/bin/../lib/gcc/arm-none-eabi/12.3.1/../../../../arm-none-eabi/lib/thumb/v7e-m+fp/hard\libg_nano.a(libc_a-reallocr.o)
 .debug_line    0x0000f619      0x205 C:/ST/STM32CubeCLT_1.16.0/GNU-tools-for-STM32/bin/../lib/gcc/arm-none-eabi/12.3.1/../../../../arm-none-eabi/lib/thumb/v7e-m+fp/hard\libg_nano.a(libc_a-msizer.o)

.debug_str      0x00000000    0xe8a94
 .debug_str     0x00000000     0x3cef CMakeFiles/Project.dir/Core/Src/ring_buffer.c.obj
                               0x3e71 (size before relaxing)
 .debug_str     0x00003cef    0xe045f CMakeFiles/Project.dir/Drivers/keypad/keypad.c.obj
                              0xe42c8 (size before relaxing)
 .debug_str     0x000e414e      0xd19 CMakeFiles/Project.dir/Core/Src/main.c.obj
                              0xe512f (size before relaxing)
 .debug_str     0x000e4e67      0x16d CMakeFiles/Project.dir/Core/Src/stm32l4xx_it.c.obj
                              0xe4727 (size before relaxing)
 .debug_str     0x000e4fd4      0x325 CMakeFiles/Project.dir/Core/Src/stm32l4xx_hal_msp.c.obj
                              0xe5014 (size before relaxing)
 .debug_str     0x000e52f9      0x944 CMakeFiles/Project.dir/Drivers/STM32L4xx_HAL_Driver/Src/stm32l4xx_hal_uart.c.obj
                              0xe1ba6 (size before relaxing)
 .debug_str     0x000e5c3d      0x23d CMakeFiles/Project.dir/Drivers/STM32L4xx_HAL_Driver/Src/stm32l4xx_hal_uart_ex.c.obj
                              0xe13d2 (size before relaxing)
 .debug_str     0x000e5e7a      0x6e8 CMakeFiles/Project.dir/Drivers/STM32L4xx_HAL_Driver/Src/stm32l4xx_hal.c.obj
                              0xe1a4d (size before relaxing)
 .debug_str     0x000e6562      0x403 CMakeFiles/Project.dir/Drivers/STM32L4xx_HAL_Driver/Src/stm32l4xx_hal_rcc.c.obj
                              0xe1494 (size before relaxing)
 .debug_str     0x000e6965      0x443 CMakeFiles/Project.dir/Drivers/STM32L4xx_HAL_Driver/Src/stm32l4xx_hal_rcc_ex.c.obj
                              0xe160d (size before relaxing)
 .debug_str     0x000e6da8       0xcf CMakeFiles/Project.dir/Drivers/STM32L4xx_HAL_Driver/Src/stm32l4xx_hal_gpio.c.obj
                              0xe0fc7 (size before relaxing)
 .debug_str     0x000e6e77      0x24f CMakeFiles/Project.dir/Drivers/STM32L4xx_HAL_Driver/Src/stm32l4xx_hal_dma.c.obj
                              0xe10b8 (size before relaxing)
 .debug_str     0x000e70c6      0x4ee CMakeFiles/Project.dir/Drivers/STM32L4xx_HAL_Driver/Src/stm32l4xx_hal_pwr_ex.c.obj
                              0xe13a9 (size before relaxing)
 .debug_str     0x000e75b4      0x392 CMakeFiles/Project.dir/Drivers/STM32L4xx_HAL_Driver/Src/stm32l4xx_hal_cortex.c.obj
                              0xe16c7 (size before relaxing)
 .debug_str     0x000e7946       0x7d CMakeFiles/Project.dir/Core/Src/system_stm32l4xx.c.obj
                              0xe0e4e (size before relaxing)
 .debug_str     0x000e79c3      0x519 CMakeFiles/Project.dir/Core/Src/sysmem.c.obj
                               0x5b30 (size before relaxing)
 .debug_str     0x000e7edc       0x72 CMakeFiles/Project.dir/startup_stm32l476xx.s.obj
                                 0xbe (size before relaxing)
 .debug_str     0x000e7f4e      0x448 C:/ST/STM32CubeCLT_1.16.0/GNU-tools-for-STM32/bin/../lib/gcc/arm-none-eabi/12.3.1/../../../../arm-none-eabi/lib/thumb/v7e-m+fp/hard\libg_nano.a(libc_a-snprintf.o)
                                0x57f (size before relaxing)
 .debug_str     0x000e8396       0x58 C:/ST/STM32CubeCLT_1.16.0/GNU-tools-for-STM32/bin/../lib/gcc/arm-none-eabi/12.3.1/../../../../arm-none-eabi/lib/thumb/v7e-m+fp/hard\libg_nano.a(libc_a-errno.o)
                                0x52b (size before relaxing)
 .debug_str     0x000e83ee       0x68 C:/ST/STM32CubeCLT_1.16.0/GNU-tools-for-STM32/bin/../lib/gcc/arm-none-eabi/12.3.1/../../../../arm-none-eabi/lib/thumb/v7e-m+fp/hard\libg_nano.a(libc_a-strcmp.o)
                                 0xf2 (size before relaxing)
 .debug_str     0x000e8456       0x69 C:/ST/STM32CubeCLT_1.16.0/GNU-tools-for-STM32/bin/../lib/gcc/arm-none-eabi/12.3.1/../../../../arm-none-eabi/lib/thumb/v7e-m+fp/hard\libg_nano.a(libc_a-strlen.o)
                                 0xf3 (size before relaxing)
 .debug_str     0x000e84bf      0x2ba C:/ST/STM32CubeCLT_1.16.0/GNU-tools-for-STM32/bin/../lib/gcc/arm-none-eabi/12.3.1/../../../../arm-none-eabi/lib/thumb/v7e-m+fp/hard\libg_nano.a(libc_a-nano-svfprintf.o)
                                0x87a (size before relaxing)
 .debug_str     0x000e8779       0xba C:/ST/STM32CubeCLT_1.16.0/GNU-tools-for-STM32/bin/../lib/gcc/arm-none-eabi/12.3.1/../../../../arm-none-eabi/lib/thumb/v7e-m+fp/hard\libg_nano.a(libc_a-nano-vfprintf_i.o)
                                0x810 (size before relaxing)
 .debug_str     0x000e8833       0x74 C:/ST/STM32CubeCLT_1.16.0/GNU-tools-for-STM32/bin/../lib/gcc/arm-none-eabi/12.3.1/../../../../arm-none-eabi/lib/thumb/v7e-m+fp/hard\libg_nano.a(libc_a-memmove.o)
                                0x22c (size before relaxing)
 .debug_str     0x000e88a7       0x5f C:/ST/STM32CubeCLT_1.16.0/GNU-tools-for-STM32/bin/../lib/gcc/arm-none-eabi/12.3.1/../../../../arm-none-eabi/lib/thumb/v7e-m+fp/hard\libg_nano.a(libc_a-memchr.o)
                                 0xe2 (size before relaxing)
 .debug_str     0x000e8906       0x78 C:/ST/STM32CubeCLT_1.16.0/GNU-tools-for-STM32/bin/../lib/gcc/arm-none-eabi/12.3.1/../../../../arm-none-eabi/lib/thumb/v7e-m+fp/hard\libg_nano.a(libc_a-memcpy-stub.o)
                                0x22f (size before relaxing)
 .debug_str     0x000e897e       0xad C:/ST/STM32CubeCLT_1.16.0/GNU-tools-for-STM32/bin/../lib/gcc/arm-none-eabi/12.3.1/../../../../arm-none-eabi/lib/thumb/v7e-m+fp/hard\libg_nano.a(libc_a-reallocr.o)
                                0x5a7 (size before relaxing)
 .debug_str     0x000e8a2b       0x69 C:/ST/STM32CubeCLT_1.16.0/GNU-tools-for-STM32/bin/../lib/gcc/arm-none-eabi/12.3.1/../../../../arm-none-eabi/lib/thumb/v7e-m+fp/hard\libg_nano.a(libc_a-msizer.o)
                                0x57a (size before relaxing)

.debug_line_str
                0x00000000      0x19b
 .debug_line_str
                0x00000000       0xa2 CMakeFiles/Project.dir/startup_stm32l476xx.s.obj
 .debug_line_str
                0x000000a2       0xdd C:/ST/STM32CubeCLT_1.16.0/GNU-tools-for-STM32/bin/../lib/gcc/arm-none-eabi/12.3.1/../../../../arm-none-eabi/lib/thumb/v7e-m+fp/hard\libg_nano.a(libc_a-strcmp.o)
 .debug_line_str